
> trade-imports-animals-tests@0.0.0 test:a11y
> npm run _clean_and_test -- --grep '@a11y'


> trade-imports-animals-tests@0.0.0 _clean_and_test
> npm run _clean && playwright test --grep @a11y


> trade-imports-animals-tests@0.0.0 _clean
> rm -rf test-results playwright-report allure-results allure-report FAILED


Running 12 tests using 8 workers

(node:41318) Warning: The 'NO_COLOR' env is ignored due to the 'FORCE_COLOR' env being set.
(Use `node --trace-warnings ...` to show where the warning was created)
(node:41317) Warning: The 'NO_COLOR' env is ignored due to the 'FORCE_COLOR' env being set.
(Use `node --trace-warnings ...` to show where the warning was created)
(node:41314) Warning: The 'NO_COLOR' env is ignored due to the 'FORCE_COLOR' env being set.
(Use `node --trace-warnings ...` to show where the warning was created)
(node:41320) Warning: The 'NO_COLOR' env is ignored due to the 'FORCE_COLOR' env being set.
(Use `node --trace-warnings ...` to show where the warning was created)
(node:41316) Warning: The 'NO_COLOR' env is ignored due to the 'FORCE_COLOR' env being set.
(Use `node --trace-warnings ...` to show where the warning was created)
(node:41321) Warning: The 'NO_COLOR' env is ignored due to the 'FORCE_COLOR' env being set.
(Use `node --trace-warnings ...` to show where the warning was created)
(node:41315) Warning: The 'NO_COLOR' env is ignored due to the 'FORCE_COLOR' env being set.
(Use `node --trace-warnings ...` to show where the warning was created)
(node:41319) Warning: The 'NO_COLOR' env is ignored due to the 'FORCE_COLOR' env being set.
(Use `node --trace-warnings ...` to show where the warning was created)
  ✘   2 [frontend-chromium] › tests/a11y/notification-journey-initial-state.spec.ts:13:3 › Accessibility WCAG 2.2 AA › each notification journey page has no accessibility violations on initial load @a11y (236ms)
  ✘   6 [frontend-chromium] › tests/a11y/notification-journey-error-state.spec.ts:16:3 › Accessibility WCAG 2.2 AA › each notification journey page with validation has no accessibility violations when errors are shown @a11y (227ms)
  ✘   3 [frontend-chromium] › tests/a11y/notification-view-states.spec.ts:5:3 › Accessibility WCAG 2.2 AA › the check your answers page has no accessibility violations in its DRAFT and SUBMITTED states, including the submission confirmation @a11y (208ms)
  ✘   8 [frontend-chromium] › tests/a11y/notification-journey-filled-state.spec.ts:14:3 › Accessibility WCAG 2.2 AA › each notification journey page has no accessibility violations after user input @a11y (237ms)
  ✘   5 [frontend-chromium] › tests/a11y/notification-dashboard-views.spec.ts:48:5 › Accessibility WCAG 2.2 AA › pagination › the notification dashboard has no accessibility violations when paginated @a11y (226ms)
  -   9 [frontend-chromium] › tests/a11y/notification-dashboard-views.spec.ts:48:5 › Accessibility WCAG 2.2 AA › pagination › the notification dashboard has no accessibility violations when paginated @a11y (retry #1)
  ✘   1 [frontend-chromium] › tests/a11y/notification-dashboard-views.spec.ts:21:3 › Accessibility WCAG 2.2 AA › the notification dashboard has no accessibility violations when searched @a11y (232ms)
  ✘   4 [frontend-chromium] › tests/a11y/notification-dashboard-viewports.spec.ts:8:3 › Accessibility WCAG 2.2 AA › the notification dashboard has no accessibility violations across viewports @a11y (232ms)
  ✘   7 [frontend-chromium] › tests/a11y/notification-dashboard-views.spec.ts:9:3 › Accessibility WCAG 2.2 AA › the notification dashboard has no accessibility violations in its default and sorted views @a11y (238ms)
(node:41362) Warning: The 'NO_COLOR' env is ignored due to the 'FORCE_COLOR' env being set.
(Use `node --trace-warnings ...` to show where the warning was created)
(node:41363) Warning: The 'NO_COLOR' env is ignored due to the 'FORCE_COLOR' env being set.
(Use `node --trace-warnings ...` to show where the warning was created)
(node:41366) Warning: The 'NO_COLOR' env is ignored due to the 'FORCE_COLOR' env being set.
(Use `node --trace-warnings ...` to show where the warning was created)
(node:41364) Warning: The 'NO_COLOR' env is ignored due to the 'FORCE_COLOR' env being set.
(Use `node --trace-warnings ...` to show where the warning was created)
(node:41367) Warning: The 'NO_COLOR' env is ignored due to the 'FORCE_COLOR' env being set.
(Use `node --trace-warnings ...` to show where the warning was created)
(node:41361) Warning: The 'NO_COLOR' env is ignored due to the 'FORCE_COLOR' env being set.
(Use `node --trace-warnings ...` to show where the warning was created)
(node:41365) Warning: The 'NO_COLOR' env is ignored due to the 'FORCE_COLOR' env being set.
(Use `node --trace-warnings ...` to show where the warning was created)
(node:41368) Warning: The 'NO_COLOR' env is ignored due to the 'FORCE_COLOR' env being set.
(Use `node --trace-warnings ...` to show where the warning was created)
  ✘  10 [frontend-chromium] › tests/a11y/notification-journey-error-state.spec.ts:16:3 › Accessibility WCAG 2.2 AA › each notification journey page with validation has no accessibility violations when errors are shown @a11y (retry #1) (203ms)
  ✘  15 [frontend-chromium] › tests/a11y/notification-journey-filled-state.spec.ts:14:3 › Accessibility WCAG 2.2 AA › each notification journey page has no accessibility violations after user input @a11y (retry #1) (209ms)
  ✘  14 [admin-chromium] › tests/a11y/admin/admin-dashboard-viewports.spec.ts:9:3 › Accessibility (admin) WCAG 2.2 AA › the admin dashboard has no accessibility violations across viewports @a11y (231ms)
  ✘  12 [frontend-chromium] › tests/a11y/notification-dashboard-views.spec.ts:21:3 › Accessibility WCAG 2.2 AA › the notification dashboard has no accessibility violations when searched @a11y (retry #1) (210ms)
  ✘  16 [frontend-chromium] › tests/a11y/notification-journey-initial-state.spec.ts:13:3 › Accessibility WCAG 2.2 AA › each notification journey page has no accessibility violations on initial load @a11y (retry #1) (251ms)
  ✘  11 [frontend-chromium] › tests/a11y/notification-view-states.spec.ts:5:3 › Accessibility WCAG 2.2 AA › the check your answers page has no accessibility violations in its DRAFT and SUBMITTED states, including the submission confirmation @a11y (retry #1) (197ms)
  ✘  13 [frontend-chromium] › tests/a11y/notification-dashboard-viewports.spec.ts:8:3 › Accessibility WCAG 2.2 AA › the notification dashboard has no accessibility violations across viewports @a11y (retry #1) (200ms)
  ✘  17 [frontend-chromium] › tests/a11y/notification-dashboard-views.spec.ts:9:3 › Accessibility WCAG 2.2 AA › the notification dashboard has no accessibility violations in its default and sorted views @a11y (retry #1) (209ms)
(node:41434) Warning: The 'NO_COLOR' env is ignored due to the 'FORCE_COLOR' env being set.
(Use `node --trace-warnings ...` to show where the warning was created)
(node:41435) Warning: The 'NO_COLOR' env is ignored due to the 'FORCE_COLOR' env being set.
(Use `node --trace-warnings ...` to show where the warning was created)
(node:41436) Warning: The 'NO_COLOR' env is ignored due to the 'FORCE_COLOR' env being set.
(Use `node --trace-warnings ...` to show where the warning was created)
(node:41437) Warning: The 'NO_COLOR' env is ignored due to the 'FORCE_COLOR' env being set.
(Use `node --trace-warnings ...` to show where the warning was created)
  ✘  19 [admin-chromium] › tests/a11y/admin/admin-filled-state.spec.ts:4:3 › Accessibility (admin) WCAG 2.2 AA › each admin page has no accessibility violations after user input @a11y (102ms)
  ✘  18 [admin-chromium] › tests/a11y/admin/admin-error-state.spec.ts:5:3 › Accessibility (admin) WCAG 2.2 AA › each admin page has no accessibility violations when validation errors are shown @a11y (110ms)
  ✘  21 [admin-chromium] › tests/a11y/admin/admin-initial-state.spec.ts:4:3 › Accessibility (admin) WCAG 2.2 AA › each admin page has no accessibility violations on initial load @a11y (104ms)
  ✘  20 [admin-chromium] › tests/a11y/admin/admin-dashboard-viewports.spec.ts:9:3 › Accessibility (admin) WCAG 2.2 AA › the admin dashboard has no accessibility violations across viewports @a11y (retry #1) (114ms)
(node:41467) Warning: The 'NO_COLOR' env is ignored due to the 'FORCE_COLOR' env being set.
(Use `node --trace-warnings ...` to show where the warning was created)
(node:41468) Warning: The 'NO_COLOR' env is ignored due to the 'FORCE_COLOR' env being set.
(Use `node --trace-warnings ...` to show where the warning was created)
(node:41469) Warning: The 'NO_COLOR' env is ignored due to the 'FORCE_COLOR' env being set.
(Use `node --trace-warnings ...` to show where the warning was created)
  ✘  24 [admin-chromium] › tests/a11y/admin/admin-error-state.spec.ts:5:3 › Accessibility (admin) WCAG 2.2 AA › each admin page has no accessibility violations when validation errors are shown @a11y (retry #1) (110ms)
  ✘  23 [admin-chromium] › tests/a11y/admin/admin-initial-state.spec.ts:4:3 › Accessibility (admin) WCAG 2.2 AA › each admin page has no accessibility violations on initial load @a11y (retry #1) (115ms)
  ✘  22 [admin-chromium] › tests/a11y/admin/admin-filled-state.spec.ts:4:3 › Accessibility (admin) WCAG 2.2 AA › each admin page has no accessibility violations after user input @a11y (retry #1) (92ms)


  1) [frontend-chromium] › tests/a11y/notification-dashboard-viewports.spec.ts:8:3 › Accessibility WCAG 2.2 AA › the notification dashboard has no accessibility violations across viewports @a11y 

    Error: page.goto: net::ERR_NAME_NOT_RESOLVED at https://trade-imports-animals-frontend.undefined.cdp-int.defra.cloud/live-animals
    Call log:
      - navigating to "https://trade-imports-animals-frontend.undefined.cdp-int.defra.cloud/live-animals", waiting until "load"


       at ../page-objects/base/base-page.ts:36

      34 |   async navigateToFrontend(path: string = '/'): Promise<void> {
      35 |     const baseUrl = requireBaseUrl('TRADE_IMPORTS_ANIMALS_FRONTEND_BASE_URL');
    > 36 |     await this.page.goto(`${baseUrl}${path}`);
         |                     ^
      37 |   }
      38 |
      39 |   async navigateToAdminPortal(path: string = '/'): Promise<void> {
        at NotificationDashboardPage.navigateToFrontend (/Users/samfarrington/git/defra/trade-imports-animals/repos/trade-imports-animals-tests/page-objects/base/base-page.ts:36:21)
        at NotificationDashboardPage.open (/Users/samfarrington/git/defra/trade-imports-animals/repos/trade-imports-animals-tests/page-objects/notification/notification-dashboard-page.ts:212:16)
        at Journey.toNotificationDashboard (/Users/samfarrington/git/defra/trade-imports-animals/repos/trade-imports-animals-tests/flows/journey.ts:24:44)
        at /Users/samfarrington/git/defra/trade-imports-animals/repos/trade-imports-animals-tests/tests/a11y/notification-dashboard-viewports.spec.ts:5:19

    attachment #1: screenshot (image/png) ──────────────────────────────────────────────────────────
    test-results/a11y-notification-dashboar-dfa90-violations-across-viewports-frontend-chromium/test-failed-1.png
    ────────────────────────────────────────────────────────────────────────────────────────────────

    Error Context: test-results/a11y-notification-dashboar-dfa90-violations-across-viewports-frontend-chromium/error-context.md

    Retry #1 ───────────────────────────────────────────────────────────────────────────────────────

    Error: page.goto: net::ERR_NAME_NOT_RESOLVED at https://trade-imports-animals-frontend.undefined.cdp-int.defra.cloud/live-animals
    Call log:
      - navigating to "https://trade-imports-animals-frontend.undefined.cdp-int.defra.cloud/live-animals", waiting until "load"


       at ../page-objects/base/base-page.ts:36

      34 |   async navigateToFrontend(path: string = '/'): Promise<void> {
      35 |     const baseUrl = requireBaseUrl('TRADE_IMPORTS_ANIMALS_FRONTEND_BASE_URL');
    > 36 |     await this.page.goto(`${baseUrl}${path}`);
         |                     ^
      37 |   }
      38 |
      39 |   async navigateToAdminPortal(path: string = '/'): Promise<void> {
        at NotificationDashboardPage.navigateToFrontend (/Users/samfarrington/git/defra/trade-imports-animals/repos/trade-imports-animals-tests/page-objects/base/base-page.ts:36:21)
        at NotificationDashboardPage.open (/Users/samfarrington/git/defra/trade-imports-animals/repos/trade-imports-animals-tests/page-objects/notification/notification-dashboard-page.ts:212:16)
        at Journey.toNotificationDashboard (/Users/samfarrington/git/defra/trade-imports-animals/repos/trade-imports-animals-tests/flows/journey.ts:24:44)
        at /Users/samfarrington/git/defra/trade-imports-animals/repos/trade-imports-animals-tests/tests/a11y/notification-dashboard-viewports.spec.ts:5:19

    attachment #1: screenshot (image/png) ──────────────────────────────────────────────────────────
    test-results/a11y-notification-dashboar-dfa90-violations-across-viewports-frontend-chromium-retry1/test-failed-1.png
    ────────────────────────────────────────────────────────────────────────────────────────────────

    Error Context: test-results/a11y-notification-dashboar-dfa90-violations-across-viewports-frontend-chromium-retry1/error-context.md

    attachment #3: trace (application/zip) ─────────────────────────────────────────────────────────
    test-results/a11y-notification-dashboar-dfa90-violations-across-viewports-frontend-chromium-retry1/trace.zip
    Usage:

        npx playwright show-trace test-results/a11y-notification-dashboar-dfa90-violations-across-viewports-frontend-chromium-retry1/trace.zip

    ────────────────────────────────────────────────────────────────────────────────────────────────

  2) [frontend-chromium] › tests/a11y/notification-dashboard-views.spec.ts:9:3 › Accessibility WCAG 2.2 AA › the notification dashboard has no accessibility violations in its default and sorted views @a11y 

    Error: page.goto: net::ERR_NAME_NOT_RESOLVED at https://trade-imports-animals-frontend.undefined.cdp-int.defra.cloud/live-animals
    Call log:
      - navigating to "https://trade-imports-animals-frontend.undefined.cdp-int.defra.cloud/live-animals", waiting until "load"


       at ../page-objects/base/base-page.ts:36

      34 |   async navigateToFrontend(path: string = '/'): Promise<void> {
      35 |     const baseUrl = requireBaseUrl('TRADE_IMPORTS_ANIMALS_FRONTEND_BASE_URL');
    > 36 |     await this.page.goto(`${baseUrl}${path}`);
         |                     ^
      37 |   }
      38 |
      39 |   async navigateToAdminPortal(path: string = '/'): Promise<void> {
        at NotificationDashboardPage.navigateToFrontend (/Users/samfarrington/git/defra/trade-imports-animals/repos/trade-imports-animals-tests/page-objects/base/base-page.ts:36:21)
        at NotificationDashboardPage.open (/Users/samfarrington/git/defra/trade-imports-animals/repos/trade-imports-animals-tests/page-objects/notification/notification-dashboard-page.ts:212:16)
        at Journey.toNotificationDashboard (/Users/samfarrington/git/defra/trade-imports-animals/repos/trade-imports-animals-tests/flows/journey.ts:24:44)
        at /Users/samfarrington/git/defra/trade-imports-animals/repos/trade-imports-animals-tests/tests/a11y/notification-dashboard-views.spec.ts:6:19

    attachment #1: screenshot (image/png) ──────────────────────────────────────────────────────────
    test-results/a11y-notification-dashboar-0d22a-ts-default-and-sorted-views-frontend-chromium/test-failed-1.png
    ────────────────────────────────────────────────────────────────────────────────────────────────

    Error Context: test-results/a11y-notification-dashboar-0d22a-ts-default-and-sorted-views-frontend-chromium/error-context.md

    Retry #1 ───────────────────────────────────────────────────────────────────────────────────────

    Error: page.goto: net::ERR_NAME_NOT_RESOLVED at https://trade-imports-animals-frontend.undefined.cdp-int.defra.cloud/live-animals
    Call log:
      - navigating to "https://trade-imports-animals-frontend.undefined.cdp-int.defra.cloud/live-animals", waiting until "load"


       at ../page-objects/base/base-page.ts:36

      34 |   async navigateToFrontend(path: string = '/'): Promise<void> {
      35 |     const baseUrl = requireBaseUrl('TRADE_IMPORTS_ANIMALS_FRONTEND_BASE_URL');
    > 36 |     await this.page.goto(`${baseUrl}${path}`);
         |                     ^
      37 |   }
      38 |
      39 |   async navigateToAdminPortal(path: string = '/'): Promise<void> {
        at NotificationDashboardPage.navigateToFrontend (/Users/samfarrington/git/defra/trade-imports-animals/repos/trade-imports-animals-tests/page-objects/base/base-page.ts:36:21)
        at NotificationDashboardPage.open (/Users/samfarrington/git/defra/trade-imports-animals/repos/trade-imports-animals-tests/page-objects/notification/notification-dashboard-page.ts:212:16)
        at Journey.toNotificationDashboard (/Users/samfarrington/git/defra/trade-imports-animals/repos/trade-imports-animals-tests/flows/journey.ts:24:44)
        at /Users/samfarrington/git/defra/trade-imports-animals/repos/trade-imports-animals-tests/tests/a11y/notification-dashboard-views.spec.ts:6:19

    attachment #1: screenshot (image/png) ──────────────────────────────────────────────────────────
    test-results/a11y-notification-dashboar-0d22a-ts-default-and-sorted-views-frontend-chromium-retry1/test-failed-1.png
    ────────────────────────────────────────────────────────────────────────────────────────────────

    Error Context: test-results/a11y-notification-dashboar-0d22a-ts-default-and-sorted-views-frontend-chromium-retry1/error-context.md

    attachment #3: trace (application/zip) ─────────────────────────────────────────────────────────
    test-results/a11y-notification-dashboar-0d22a-ts-default-and-sorted-views-frontend-chromium-retry1/trace.zip
    Usage:

        npx playwright show-trace test-results/a11y-notification-dashboar-0d22a-ts-default-and-sorted-views-frontend-chromium-retry1/trace.zip

    ────────────────────────────────────────────────────────────────────────────────────────────────

  3) [frontend-chromium] › tests/a11y/notification-dashboard-views.spec.ts:21:3 › Accessibility WCAG 2.2 AA › the notification dashboard has no accessibility violations when searched @a11y 

    Error: page.goto: net::ERR_NAME_NOT_RESOLVED at https://trade-imports-animals-frontend.undefined.cdp-int.defra.cloud/live-animals
    Call log:
      - navigating to "https://trade-imports-animals-frontend.undefined.cdp-int.defra.cloud/live-animals", waiting until "load"


       at ../page-objects/base/base-page.ts:36

      34 |   async navigateToFrontend(path: string = '/'): Promise<void> {
      35 |     const baseUrl = requireBaseUrl('TRADE_IMPORTS_ANIMALS_FRONTEND_BASE_URL');
    > 36 |     await this.page.goto(`${baseUrl}${path}`);
         |                     ^
      37 |   }
      38 |
      39 |   async navigateToAdminPortal(path: string = '/'): Promise<void> {
        at NotificationDashboardPage.navigateToFrontend (/Users/samfarrington/git/defra/trade-imports-animals/repos/trade-imports-animals-tests/page-objects/base/base-page.ts:36:21)
        at NotificationDashboardPage.open (/Users/samfarrington/git/defra/trade-imports-animals/repos/trade-imports-animals-tests/page-objects/notification/notification-dashboard-page.ts:212:16)
        at Journey.toNotificationDashboard (/Users/samfarrington/git/defra/trade-imports-animals/repos/trade-imports-animals-tests/flows/journey.ts:24:44)
        at /Users/samfarrington/git/defra/trade-imports-animals/repos/trade-imports-animals-tests/tests/a11y/notification-dashboard-views.spec.ts:6:19

    attachment #1: screenshot (image/png) ──────────────────────────────────────────────────────────
    test-results/a11y-notification-dashboar-b81b3-ty-violations-when-searched-frontend-chromium/test-failed-1.png
    ────────────────────────────────────────────────────────────────────────────────────────────────

    Error Context: test-results/a11y-notification-dashboar-b81b3-ty-violations-when-searched-frontend-chromium/error-context.md

    Retry #1 ───────────────────────────────────────────────────────────────────────────────────────

    Error: page.goto: net::ERR_NAME_NOT_RESOLVED at https://trade-imports-animals-frontend.undefined.cdp-int.defra.cloud/live-animals
    Call log:
      - navigating to "https://trade-imports-animals-frontend.undefined.cdp-int.defra.cloud/live-animals", waiting until "load"


       at ../page-objects/base/base-page.ts:36

      34 |   async navigateToFrontend(path: string = '/'): Promise<void> {
      35 |     const baseUrl = requireBaseUrl('TRADE_IMPORTS_ANIMALS_FRONTEND_BASE_URL');
    > 36 |     await this.page.goto(`${baseUrl}${path}`);
         |                     ^
      37 |   }
      38 |
      39 |   async navigateToAdminPortal(path: string = '/'): Promise<void> {
        at NotificationDashboardPage.navigateToFrontend (/Users/samfarrington/git/defra/trade-imports-animals/repos/trade-imports-animals-tests/page-objects/base/base-page.ts:36:21)
        at NotificationDashboardPage.open (/Users/samfarrington/git/defra/trade-imports-animals/repos/trade-imports-animals-tests/page-objects/notification/notification-dashboard-page.ts:212:16)
        at Journey.toNotificationDashboard (/Users/samfarrington/git/defra/trade-imports-animals/repos/trade-imports-animals-tests/flows/journey.ts:24:44)
        at /Users/samfarrington/git/defra/trade-imports-animals/repos/trade-imports-animals-tests/tests/a11y/notification-dashboard-views.spec.ts:6:19

    attachment #1: screenshot (image/png) ──────────────────────────────────────────────────────────
    test-results/a11y-notification-dashboar-b81b3-ty-violations-when-searched-frontend-chromium-retry1/test-failed-1.png
    ────────────────────────────────────────────────────────────────────────────────────────────────

    Error Context: test-results/a11y-notification-dashboar-b81b3-ty-violations-when-searched-frontend-chromium-retry1/error-context.md

    attachment #3: trace (application/zip) ─────────────────────────────────────────────────────────
    test-results/a11y-notification-dashboar-b81b3-ty-violations-when-searched-frontend-chromium-retry1/trace.zip
    Usage:

        npx playwright show-trace test-results/a11y-notification-dashboar-b81b3-ty-violations-when-searched-frontend-chromium-retry1/trace.zip

    ────────────────────────────────────────────────────────────────────────────────────────────────

  4) [frontend-chromium] › tests/a11y/notification-journey-error-state.spec.ts:16:3 › Accessibility WCAG 2.2 AA › each notification journey page with validation has no accessibility violations when errors are shown @a11y 

    Error: page.goto: net::ERR_NAME_NOT_RESOLVED at https://trade-imports-animals-frontend.undefined.cdp-int.defra.cloud/live-animals
    Call log:
      - navigating to "https://trade-imports-animals-frontend.undefined.cdp-int.defra.cloud/live-animals", waiting until "load"


       at ../page-objects/base/base-page.ts:36

      34 |   async navigateToFrontend(path: string = '/'): Promise<void> {
      35 |     const baseUrl = requireBaseUrl('TRADE_IMPORTS_ANIMALS_FRONTEND_BASE_URL');
    > 36 |     await this.page.goto(`${baseUrl}${path}`);
         |                     ^
      37 |   }
      38 |
      39 |   async navigateToAdminPortal(path: string = '/'): Promise<void> {
        at NotificationDashboardPage.navigateToFrontend (/Users/samfarrington/git/defra/trade-imports-animals/repos/trade-imports-animals-tests/page-objects/base/base-page.ts:36:21)
        at NotificationDashboardPage.open (/Users/samfarrington/git/defra/trade-imports-animals/repos/trade-imports-animals-tests/page-objects/notification/notification-dashboard-page.ts:212:16)
        at Journey.toNotificationDashboard (/Users/samfarrington/git/defra/trade-imports-animals/repos/trade-imports-animals-tests/flows/journey.ts:24:44)
        at Journey.startNotification (/Users/samfarrington/git/defra/trade-imports-animals/repos/trade-imports-animals-tests/flows/journey.ts:29:16)
        at /Users/samfarrington/git/defra/trade-imports-animals/repos/trade-imports-animals-tests/tests/a11y/notification-journey-error-state.spec.ts:13:19

    attachment #1: screenshot (image/png) ──────────────────────────────────────────────────────────
    test-results/a11y-notification-journey--5eeae-tions-when-errors-are-shown-frontend-chromium/test-failed-1.png
    ────────────────────────────────────────────────────────────────────────────────────────────────

    Error Context: test-results/a11y-notification-journey--5eeae-tions-when-errors-are-shown-frontend-chromium/error-context.md

    Retry #1 ───────────────────────────────────────────────────────────────────────────────────────

    Error: page.goto: net::ERR_NAME_NOT_RESOLVED at https://trade-imports-animals-frontend.undefined.cdp-int.defra.cloud/live-animals
    Call log:
      - navigating to "https://trade-imports-animals-frontend.undefined.cdp-int.defra.cloud/live-animals", waiting until "load"


       at ../page-objects/base/base-page.ts:36

      34 |   async navigateToFrontend(path: string = '/'): Promise<void> {
      35 |     const baseUrl = requireBaseUrl('TRADE_IMPORTS_ANIMALS_FRONTEND_BASE_URL');
    > 36 |     await this.page.goto(`${baseUrl}${path}`);
         |                     ^
      37 |   }
      38 |
      39 |   async navigateToAdminPortal(path: string = '/'): Promise<void> {
        at NotificationDashboardPage.navigateToFrontend (/Users/samfarrington/git/defra/trade-imports-animals/repos/trade-imports-animals-tests/page-objects/base/base-page.ts:36:21)
        at NotificationDashboardPage.open (/Users/samfarrington/git/defra/trade-imports-animals/repos/trade-imports-animals-tests/page-objects/notification/notification-dashboard-page.ts:212:16)
        at Journey.toNotificationDashboard (/Users/samfarrington/git/defra/trade-imports-animals/repos/trade-imports-animals-tests/flows/journey.ts:24:44)
        at Journey.startNotification (/Users/samfarrington/git/defra/trade-imports-animals/repos/trade-imports-animals-tests/flows/journey.ts:29:16)
        at /Users/samfarrington/git/defra/trade-imports-animals/repos/trade-imports-animals-tests/tests/a11y/notification-journey-error-state.spec.ts:13:19

    attachment #1: screenshot (image/png) ──────────────────────────────────────────────────────────
    test-results/a11y-notification-journey--5eeae-tions-when-errors-are-shown-frontend-chromium-retry1/test-failed-1.png
    ────────────────────────────────────────────────────────────────────────────────────────────────

    Error Context: test-results/a11y-notification-journey--5eeae-tions-when-errors-are-shown-frontend-chromium-retry1/error-context.md

    attachment #3: trace (application/zip) ─────────────────────────────────────────────────────────
    test-results/a11y-notification-journey--5eeae-tions-when-errors-are-shown-frontend-chromium-retry1/trace.zip
    Usage:

        npx playwright show-trace test-results/a11y-notification-journey--5eeae-tions-when-errors-are-shown-frontend-chromium-retry1/trace.zip

    ────────────────────────────────────────────────────────────────────────────────────────────────

  5) [frontend-chromium] › tests/a11y/notification-journey-filled-state.spec.ts:14:3 › Accessibility WCAG 2.2 AA › each notification journey page has no accessibility violations after user input @a11y 

    Error: page.goto: net::ERR_NAME_NOT_RESOLVED at https://trade-imports-animals-frontend.undefined.cdp-int.defra.cloud/live-animals
    Call log:
      - navigating to "https://trade-imports-animals-frontend.undefined.cdp-int.defra.cloud/live-animals", waiting until "load"


       at ../page-objects/base/base-page.ts:36

      34 |   async navigateToFrontend(path: string = '/'): Promise<void> {
      35 |     const baseUrl = requireBaseUrl('TRADE_IMPORTS_ANIMALS_FRONTEND_BASE_URL');
    > 36 |     await this.page.goto(`${baseUrl}${path}`);
         |                     ^
      37 |   }
      38 |
      39 |   async navigateToAdminPortal(path: string = '/'): Promise<void> {
        at NotificationDashboardPage.navigateToFrontend (/Users/samfarrington/git/defra/trade-imports-animals/repos/trade-imports-animals-tests/page-objects/base/base-page.ts:36:21)
        at NotificationDashboardPage.open (/Users/samfarrington/git/defra/trade-imports-animals/repos/trade-imports-animals-tests/page-objects/notification/notification-dashboard-page.ts:212:16)
        at Journey.toNotificationDashboard (/Users/samfarrington/git/defra/trade-imports-animals/repos/trade-imports-animals-tests/flows/journey.ts:24:44)
        at Journey.startNotification (/Users/samfarrington/git/defra/trade-imports-animals/repos/trade-imports-animals-tests/flows/journey.ts:29:16)
        at /Users/samfarrington/git/defra/trade-imports-animals/repos/trade-imports-animals-tests/tests/a11y/notification-journey-filled-state.spec.ts:11:19

    attachment #1: screenshot (image/png) ──────────────────────────────────────────────────────────
    test-results/a11y-notification-journey--07472-violations-after-user-input-frontend-chromium/test-failed-1.png
    ────────────────────────────────────────────────────────────────────────────────────────────────

    Error Context: test-results/a11y-notification-journey--07472-violations-after-user-input-frontend-chromium/error-context.md

    Retry #1 ───────────────────────────────────────────────────────────────────────────────────────

    Error: page.goto: net::ERR_NAME_NOT_RESOLVED at https://trade-imports-animals-frontend.undefined.cdp-int.defra.cloud/live-animals
    Call log:
      - navigating to "https://trade-imports-animals-frontend.undefined.cdp-int.defra.cloud/live-animals", waiting until "load"


       at ../page-objects/base/base-page.ts:36

      34 |   async navigateToFrontend(path: string = '/'): Promise<void> {
      35 |     const baseUrl = requireBaseUrl('TRADE_IMPORTS_ANIMALS_FRONTEND_BASE_URL');
    > 36 |     await this.page.goto(`${baseUrl}${path}`);
         |                     ^
      37 |   }
      38 |
      39 |   async navigateToAdminPortal(path: string = '/'): Promise<void> {
        at NotificationDashboardPage.navigateToFrontend (/Users/samfarrington/git/defra/trade-imports-animals/repos/trade-imports-animals-tests/page-objects/base/base-page.ts:36:21)
        at NotificationDashboardPage.open (/Users/samfarrington/git/defra/trade-imports-animals/repos/trade-imports-animals-tests/page-objects/notification/notification-dashboard-page.ts:212:16)
        at Journey.toNotificationDashboard (/Users/samfarrington/git/defra/trade-imports-animals/repos/trade-imports-animals-tests/flows/journey.ts:24:44)
        at Journey.startNotification (/Users/samfarrington/git/defra/trade-imports-animals/repos/trade-imports-animals-tests/flows/journey.ts:29:16)
        at /Users/samfarrington/git/defra/trade-imports-animals/repos/trade-imports-animals-tests/tests/a11y/notification-journey-filled-state.spec.ts:11:19

    attachment #1: screenshot (image/png) ──────────────────────────────────────────────────────────
    test-results/a11y-notification-journey--07472-violations-after-user-input-frontend-chromium-retry1/test-failed-1.png
    ────────────────────────────────────────────────────────────────────────────────────────────────

    Error Context: test-results/a11y-notification-journey--07472-violations-after-user-input-frontend-chromium-retry1/error-context.md

    attachment #3: trace (application/zip) ─────────────────────────────────────────────────────────
    test-results/a11y-notification-journey--07472-violations-after-user-input-frontend-chromium-retry1/trace.zip
    Usage:

        npx playwright show-trace test-results/a11y-notification-journey--07472-violations-after-user-input-frontend-chromium-retry1/trace.zip

    ────────────────────────────────────────────────────────────────────────────────────────────────

  6) [frontend-chromium] › tests/a11y/notification-journey-initial-state.spec.ts:13:3 › Accessibility WCAG 2.2 AA › each notification journey page has no accessibility violations on initial load @a11y 

    Error: page.goto: net::ERR_NAME_NOT_RESOLVED at https://trade-imports-animals-frontend.undefined.cdp-int.defra.cloud/live-animals
    Call log:
      - navigating to "https://trade-imports-animals-frontend.undefined.cdp-int.defra.cloud/live-animals", waiting until "load"


       at ../page-objects/base/base-page.ts:36

      34 |   async navigateToFrontend(path: string = '/'): Promise<void> {
      35 |     const baseUrl = requireBaseUrl('TRADE_IMPORTS_ANIMALS_FRONTEND_BASE_URL');
    > 36 |     await this.page.goto(`${baseUrl}${path}`);
         |                     ^
      37 |   }
      38 |
      39 |   async navigateToAdminPortal(path: string = '/'): Promise<void> {
        at NotificationDashboardPage.navigateToFrontend (/Users/samfarrington/git/defra/trade-imports-animals/repos/trade-imports-animals-tests/page-objects/base/base-page.ts:36:21)
        at NotificationDashboardPage.open (/Users/samfarrington/git/defra/trade-imports-animals/repos/trade-imports-animals-tests/page-objects/notification/notification-dashboard-page.ts:212:16)
        at Journey.toNotificationDashboard (/Users/samfarrington/git/defra/trade-imports-animals/repos/trade-imports-animals-tests/flows/journey.ts:24:44)
        at /Users/samfarrington/git/defra/trade-imports-animals/repos/trade-imports-animals-tests/tests/a11y/notification-journey-initial-state.spec.ts:10:19

    attachment #1: screenshot (image/png) ──────────────────────────────────────────────────────────
    test-results/a11y-notification-journey--60404--violations-on-initial-load-frontend-chromium/test-failed-1.png
    ────────────────────────────────────────────────────────────────────────────────────────────────

    Error Context: test-results/a11y-notification-journey--60404--violations-on-initial-load-frontend-chromium/error-context.md

    Retry #1 ───────────────────────────────────────────────────────────────────────────────────────

    Error: page.goto: net::ERR_NAME_NOT_RESOLVED at https://trade-imports-animals-frontend.undefined.cdp-int.defra.cloud/live-animals
    Call log:
      - navigating to "https://trade-imports-animals-frontend.undefined.cdp-int.defra.cloud/live-animals", waiting until "load"


       at ../page-objects/base/base-page.ts:36

      34 |   async navigateToFrontend(path: string = '/'): Promise<void> {
      35 |     const baseUrl = requireBaseUrl('TRADE_IMPORTS_ANIMALS_FRONTEND_BASE_URL');
    > 36 |     await this.page.goto(`${baseUrl}${path}`);
         |                     ^
      37 |   }
      38 |
      39 |   async navigateToAdminPortal(path: string = '/'): Promise<void> {
        at NotificationDashboardPage.navigateToFrontend (/Users/samfarrington/git/defra/trade-imports-animals/repos/trade-imports-animals-tests/page-objects/base/base-page.ts:36:21)
        at NotificationDashboardPage.open (/Users/samfarrington/git/defra/trade-imports-animals/repos/trade-imports-animals-tests/page-objects/notification/notification-dashboard-page.ts:212:16)
        at Journey.toNotificationDashboard (/Users/samfarrington/git/defra/trade-imports-animals/repos/trade-imports-animals-tests/flows/journey.ts:24:44)
        at /Users/samfarrington/git/defra/trade-imports-animals/repos/trade-imports-animals-tests/tests/a11y/notification-journey-initial-state.spec.ts:10:19

    attachment #1: screenshot (image/png) ──────────────────────────────────────────────────────────
    test-results/a11y-notification-journey--60404--violations-on-initial-load-frontend-chromium-retry1/test-failed-1.png
    ────────────────────────────────────────────────────────────────────────────────────────────────

    Error Context: test-results/a11y-notification-journey--60404--violations-on-initial-load-frontend-chromium-retry1/error-context.md

    attachment #3: trace (application/zip) ─────────────────────────────────────────────────────────
    test-results/a11y-notification-journey--60404--violations-on-initial-load-frontend-chromium-retry1/trace.zip
    Usage:

        npx playwright show-trace test-results/a11y-notification-journey--60404--violations-on-initial-load-frontend-chromium-retry1/trace.zip

    ────────────────────────────────────────────────────────────────────────────────────────────────

  7) [frontend-chromium] › tests/a11y/notification-view-states.spec.ts:5:3 › Accessibility WCAG 2.2 AA › the check your answers page has no accessibility violations in its DRAFT and SUBMITTED states, including the submission confirmation @a11y 

    Error: apiRequestContext.fetch: getaddrinfo ENOTFOUND trade-imports-animals-backend.undefined.cdp-int.defra.cloud
    Call log:
      - → POST https://trade-imports-animals-backend.undefined.cdp-int.defra.cloud/fulfilments
        - user-agent: Mozilla/5.0 (Windows NT 10.0; Win64; x64) AppleWebKit/537.36 (KHTML, like Gecko) Chrome/149.0.7827.55 Safari/537.36
        - accept: */*
        - accept-encoding: gzip,deflate,br
        - content-type: application/json


       at ../adapters/http/rest-client.ts:36

      34 |   private async send<T>(method: string, path: string, body?: unknown, headers?: Record<string, string>): Promise<T> {
      35 |     const url = `${this.baseUrl}${path}`;
    > 36 |     const response = await this.request.fetch(url, {
         |                                         ^
      37 |       method,
      38 |       headers: {
      39 |         'content-type': 'application/json',
        at RestClient.send (/Users/samfarrington/git/defra/trade-imports-animals/repos/trade-imports-animals-tests/adapters/http/rest-client.ts:36:41)
        at RestClient.post (/Users/samfarrington/git/defra/trade-imports-animals/repos/trade-imports-animals-tests/adapters/http/rest-client.ts:27:17)
        at NotificationApiClient.createFulfilment (/Users/samfarrington/git/defra/trade-imports-animals/repos/trade-imports-animals-tests/adapters/http/notification-api-client.ts:14:22)
        at ApiJourney.createFullNotification (/Users/samfarrington/git/defra/trade-imports-animals/repos/trade-imports-animals-tests/flows/api-journey.ts:79:36)
        at /Users/samfarrington/git/defra/trade-imports-animals/repos/trade-imports-animals-tests/tests/a11y/notification-view-states.spec.ts:11:38
        at /Users/samfarrington/git/defra/trade-imports-animals/repos/trade-imports-animals-tests/tests/a11y/notification-view-states.spec.ts:10:5

    Error: No accessibility scans were run. Call runA11yScan() at least once.

       at ../fixtures/a11y.ts:78

      76 |
      77 |     // After test: guard against tests that destructure runA11yScan but never call it
    > 78 |     if (results.length === 0) throw new Error('No accessibility scans were run. Call runA11yScan() at least once.');
         |                                     ^
      79 |
      80 |     // After test: attach a JSON artefact for each scan that found violations
      81 |     for (const { path, violations } of results) {
        at Object.runA11yScan (/Users/samfarrington/git/defra/trade-imports-animals/repos/trade-imports-animals-tests/fixtures/a11y.ts:78:37)

    attachment #1: screenshot (image/png) ──────────────────────────────────────────────────────────
    test-results/a11y-notification-view-sta-e5b07-the-submission-confirmation-frontend-chromium/test-failed-1.png
    ────────────────────────────────────────────────────────────────────────────────────────────────

    Error Context: test-results/a11y-notification-view-sta-e5b07-the-submission-confirmation-frontend-chromium/error-context.md

    Retry #1 ───────────────────────────────────────────────────────────────────────────────────────

    Error: apiRequestContext.fetch: getaddrinfo ENOTFOUND trade-imports-animals-backend.undefined.cdp-int.defra.cloud
    Call log:
      - → POST https://trade-imports-animals-backend.undefined.cdp-int.defra.cloud/fulfilments
        - user-agent: Mozilla/5.0 (Windows NT 10.0; Win64; x64) AppleWebKit/537.36 (KHTML, like Gecko) Chrome/149.0.7827.55 Safari/537.36
        - accept: */*
        - accept-encoding: gzip,deflate,br
        - content-type: application/json


       at ../adapters/http/rest-client.ts:36

      34 |   private async send<T>(method: string, path: string, body?: unknown, headers?: Record<string, string>): Promise<T> {
      35 |     const url = `${this.baseUrl}${path}`;
    > 36 |     const response = await this.request.fetch(url, {
         |                                         ^
      37 |       method,
      38 |       headers: {
      39 |         'content-type': 'application/json',
        at RestClient.send (/Users/samfarrington/git/defra/trade-imports-animals/repos/trade-imports-animals-tests/adapters/http/rest-client.ts:36:41)
        at RestClient.post (/Users/samfarrington/git/defra/trade-imports-animals/repos/trade-imports-animals-tests/adapters/http/rest-client.ts:27:17)
        at NotificationApiClient.createFulfilment (/Users/samfarrington/git/defra/trade-imports-animals/repos/trade-imports-animals-tests/adapters/http/notification-api-client.ts:14:22)
        at ApiJourney.createFullNotification (/Users/samfarrington/git/defra/trade-imports-animals/repos/trade-imports-animals-tests/flows/api-journey.ts:79:36)
        at /Users/samfarrington/git/defra/trade-imports-animals/repos/trade-imports-animals-tests/tests/a11y/notification-view-states.spec.ts:11:38
        at /Users/samfarrington/git/defra/trade-imports-animals/repos/trade-imports-animals-tests/tests/a11y/notification-view-states.spec.ts:10:5

    Error: No accessibility scans were run. Call runA11yScan() at least once.

       at ../fixtures/a11y.ts:78

      76 |
      77 |     // After test: guard against tests that destructure runA11yScan but never call it
    > 78 |     if (results.length === 0) throw new Error('No accessibility scans were run. Call runA11yScan() at least once.');
         |                                     ^
      79 |
      80 |     // After test: attach a JSON artefact for each scan that found violations
      81 |     for (const { path, violations } of results) {
        at Object.runA11yScan (/Users/samfarrington/git/defra/trade-imports-animals/repos/trade-imports-animals-tests/fixtures/a11y.ts:78:37)

    attachment #1: screenshot (image/png) ──────────────────────────────────────────────────────────
    test-results/a11y-notification-view-sta-e5b07-the-submission-confirmation-frontend-chromium-retry1/test-failed-1.png
    ────────────────────────────────────────────────────────────────────────────────────────────────

    Error Context: test-results/a11y-notification-view-sta-e5b07-the-submission-confirmation-frontend-chromium-retry1/error-context.md

    attachment #3: trace (application/zip) ─────────────────────────────────────────────────────────
    test-results/a11y-notification-view-sta-e5b07-the-submission-confirmation-frontend-chromium-retry1/trace.zip
    Usage:

        npx playwright show-trace test-results/a11y-notification-view-sta-e5b07-the-submission-confirmation-frontend-chromium-retry1/trace.zip

    ────────────────────────────────────────────────────────────────────────────────────────────────

  8) [admin-chromium] › tests/a11y/admin/admin-dashboard-viewports.spec.ts:9:3 › Accessibility (admin) WCAG 2.2 AA › the admin dashboard has no accessibility violations across viewports @a11y 

    Error: page.goto: net::ERR_NAME_NOT_RESOLVED at https://trade-imports-animals-admin.undefined.cdp-int.defra.cloud/
    Call log:
      - navigating to "https://trade-imports-animals-admin.undefined.cdp-int.defra.cloud/", waiting until "load"


       at ../page-objects/base/base-page.ts:41

      39 |   async navigateToAdminPortal(path: string = '/'): Promise<void> {
      40 |     const baseUrl = requireBaseUrl('TRADE_IMPORTS_ANIMALS_ADMIN_BASE_URL');
    > 41 |     await this.page.goto(`${baseUrl}${path}`);
         |                     ^
      42 |   }
      43 |
      44 |   protected async signInWhenRequested(attemptSignIn: boolean): Promise<void> {
        at AdminDashboardPage.navigateToAdminPortal (/Users/samfarrington/git/defra/trade-imports-animals/repos/trade-imports-animals-tests/page-objects/base/base-page.ts:41:21)
        at AdminDashboardPage.open (/Users/samfarrington/git/defra/trade-imports-animals/repos/trade-imports-animals-tests/page-objects/admin/admin-dashboard-page.ts:24:16)
        at AdminNavigation.toAdminDashboard (/Users/samfarrington/git/defra/trade-imports-animals/repos/trade-imports-animals-tests/flows/admin-navigation.ts:7:37)
        at /Users/samfarrington/git/defra/trade-imports-animals/repos/trade-imports-animals-tests/tests/a11y/admin/admin-dashboard-viewports.spec.ts:5:27

    attachment #1: screenshot (image/png) ──────────────────────────────────────────────────────────
    test-results/a11y-admin-admin-dashboard-919be-violations-across-viewports-admin-chromium/test-failed-1.png
    ────────────────────────────────────────────────────────────────────────────────────────────────

    Error Context: test-results/a11y-admin-admin-dashboard-919be-violations-across-viewports-admin-chromium/error-context.md

    Retry #1 ───────────────────────────────────────────────────────────────────────────────────────

    Error: page.goto: net::ERR_NAME_NOT_RESOLVED at https://trade-imports-animals-admin.undefined.cdp-int.defra.cloud/
    Call log:
      - navigating to "https://trade-imports-animals-admin.undefined.cdp-int.defra.cloud/", waiting until "load"


       at ../page-objects/base/base-page.ts:41

      39 |   async navigateToAdminPortal(path: string = '/'): Promise<void> {
      40 |     const baseUrl = requireBaseUrl('TRADE_IMPORTS_ANIMALS_ADMIN_BASE_URL');
    > 41 |     await this.page.goto(`${baseUrl}${path}`);
         |                     ^
      42 |   }
      43 |
      44 |   protected async signInWhenRequested(attemptSignIn: boolean): Promise<void> {
        at AdminDashboardPage.navigateToAdminPortal (/Users/samfarrington/git/defra/trade-imports-animals/repos/trade-imports-animals-tests/page-objects/base/base-page.ts:41:21)
        at AdminDashboardPage.open (/Users/samfarrington/git/defra/trade-imports-animals/repos/trade-imports-animals-tests/page-objects/admin/admin-dashboard-page.ts:24:16)
        at AdminNavigation.toAdminDashboard (/Users/samfarrington/git/defra/trade-imports-animals/repos/trade-imports-animals-tests/flows/admin-navigation.ts:7:37)
        at /Users/samfarrington/git/defra/trade-imports-animals/repos/trade-imports-animals-tests/tests/a11y/admin/admin-dashboard-viewports.spec.ts:5:27

    attachment #1: screenshot (image/png) ──────────────────────────────────────────────────────────
    test-results/a11y-admin-admin-dashboard-919be-violations-across-viewports-admin-chromium-retry1/test-failed-1.png
    ────────────────────────────────────────────────────────────────────────────────────────────────

    Error Context: test-results/a11y-admin-admin-dashboard-919be-violations-across-viewports-admin-chromium-retry1/error-context.md

    attachment #3: trace (application/zip) ─────────────────────────────────────────────────────────
    test-results/a11y-admin-admin-dashboard-919be-violations-across-viewports-admin-chromium-retry1/trace.zip
    Usage:

        npx playwright show-trace test-results/a11y-admin-admin-dashboard-919be-violations-across-viewports-admin-chromium-retry1/trace.zip

    ────────────────────────────────────────────────────────────────────────────────────────────────

  9) [admin-chromium] › tests/a11y/admin/admin-error-state.spec.ts:5:3 › Accessibility (admin) WCAG 2.2 AA › each admin page has no accessibility violations when validation errors are shown @a11y 

    Error: page.goto: net::ERR_NAME_NOT_RESOLVED at https://trade-imports-animals-admin.undefined.cdp-int.defra.cloud/
    Call log:
      - navigating to "https://trade-imports-animals-admin.undefined.cdp-int.defra.cloud/", waiting until "load"


       at ../page-objects/base/base-page.ts:41

      39 |   async navigateToAdminPortal(path: string = '/'): Promise<void> {
      40 |     const baseUrl = requireBaseUrl('TRADE_IMPORTS_ANIMALS_ADMIN_BASE_URL');
    > 41 |     await this.page.goto(`${baseUrl}${path}`);
         |                     ^
      42 |   }
      43 |
      44 |   protected async signInWhenRequested(attemptSignIn: boolean): Promise<void> {
        at AdminDashboardPage.navigateToAdminPortal (/Users/samfarrington/git/defra/trade-imports-animals/repos/trade-imports-animals-tests/page-objects/base/base-page.ts:41:21)
        at AdminDashboardPage.open (/Users/samfarrington/git/defra/trade-imports-animals/repos/trade-imports-animals-tests/page-objects/admin/admin-dashboard-page.ts:24:16)
        at AdminNavigation.toAdminDashboard (/Users/samfarrington/git/defra/trade-imports-animals/repos/trade-imports-animals-tests/flows/admin-navigation.ts:7:37)
        at AdminNavigation.toNotifications (/Users/samfarrington/git/defra/trade-imports-animals/repos/trade-imports-animals-tests/flows/admin-navigation.ts:11:16)
        at /Users/samfarrington/git/defra/trade-imports-animals/repos/trade-imports-animals-tests/tests/a11y/admin/admin-error-state.spec.ts:11:29
        at /Users/samfarrington/git/defra/trade-imports-animals/repos/trade-imports-animals-tests/tests/a11y/admin/admin-error-state.spec.ts:10:5

    Error: No accessibility scans were run. Call runA11yScan() at least once.

       at ../fixtures/a11y.ts:78

      76 |
      77 |     // After test: guard against tests that destructure runA11yScan but never call it
    > 78 |     if (results.length === 0) throw new Error('No accessibility scans were run. Call runA11yScan() at least once.');
         |                                     ^
      79 |
      80 |     // After test: attach a JSON artefact for each scan that found violations
      81 |     for (const { path, violations } of results) {
        at Object.runA11yScan (/Users/samfarrington/git/defra/trade-imports-animals/repos/trade-imports-animals-tests/fixtures/a11y.ts:78:37)

    attachment #1: screenshot (image/png) ──────────────────────────────────────────────────────────
    test-results/a11y-admin-admin-error-sta-8f623-validation-errors-are-shown-admin-chromium/test-failed-1.png
    ────────────────────────────────────────────────────────────────────────────────────────────────

    Error Context: test-results/a11y-admin-admin-error-sta-8f623-validation-errors-are-shown-admin-chromium/error-context.md

    Retry #1 ───────────────────────────────────────────────────────────────────────────────────────

    Error: page.goto: net::ERR_NAME_NOT_RESOLVED at https://trade-imports-animals-admin.undefined.cdp-int.defra.cloud/
    Call log:
      - navigating to "https://trade-imports-animals-admin.undefined.cdp-int.defra.cloud/", waiting until "load"


       at ../page-objects/base/base-page.ts:41

      39 |   async navigateToAdminPortal(path: string = '/'): Promise<void> {
      40 |     const baseUrl = requireBaseUrl('TRADE_IMPORTS_ANIMALS_ADMIN_BASE_URL');
    > 41 |     await this.page.goto(`${baseUrl}${path}`);
         |                     ^
      42 |   }
      43 |
      44 |   protected async signInWhenRequested(attemptSignIn: boolean): Promise<void> {
        at AdminDashboardPage.navigateToAdminPortal (/Users/samfarrington/git/defra/trade-imports-animals/repos/trade-imports-animals-tests/page-objects/base/base-page.ts:41:21)
        at AdminDashboardPage.open (/Users/samfarrington/git/defra/trade-imports-animals/repos/trade-imports-animals-tests/page-objects/admin/admin-dashboard-page.ts:24:16)
        at AdminNavigation.toAdminDashboard (/Users/samfarrington/git/defra/trade-imports-animals/repos/trade-imports-animals-tests/flows/admin-navigation.ts:7:37)
        at AdminNavigation.toNotifications (/Users/samfarrington/git/defra/trade-imports-animals/repos/trade-imports-animals-tests/flows/admin-navigation.ts:11:16)
        at /Users/samfarrington/git/defra/trade-imports-animals/repos/trade-imports-animals-tests/tests/a11y/admin/admin-error-state.spec.ts:11:29
        at /Users/samfarrington/git/defra/trade-imports-animals/repos/trade-imports-animals-tests/tests/a11y/admin/admin-error-state.spec.ts:10:5

    Error: No accessibility scans were run. Call runA11yScan() at least once.

       at ../fixtures/a11y.ts:78

      76 |
      77 |     // After test: guard against tests that destructure runA11yScan but never call it
    > 78 |     if (results.length === 0) throw new Error('No accessibility scans were run. Call runA11yScan() at least once.');
         |                                     ^
      79 |
      80 |     // After test: attach a JSON artefact for each scan that found violations
      81 |     for (const { path, violations } of results) {
        at Object.runA11yScan (/Users/samfarrington/git/defra/trade-imports-animals/repos/trade-imports-animals-tests/fixtures/a11y.ts:78:37)

    attachment #1: screenshot (image/png) ──────────────────────────────────────────────────────────
    test-results/a11y-admin-admin-error-sta-8f623-validation-errors-are-shown-admin-chromium-retry1/test-failed-1.png
    ────────────────────────────────────────────────────────────────────────────────────────────────

    Error Context: test-results/a11y-admin-admin-error-sta-8f623-validation-errors-are-shown-admin-chromium-retry1/error-context.md

    attachment #3: trace (application/zip) ─────────────────────────────────────────────────────────
    test-results/a11y-admin-admin-error-sta-8f623-validation-errors-are-shown-admin-chromium-retry1/trace.zip
    Usage:

        npx playwright show-trace test-results/a11y-admin-admin-error-sta-8f623-validation-errors-are-shown-admin-chromium-retry1/trace.zip

    ────────────────────────────────────────────────────────────────────────────────────────────────

  10) [admin-chromium] › tests/a11y/admin/admin-filled-state.spec.ts:4:3 › Accessibility (admin) WCAG 2.2 AA › each admin page has no accessibility violations after user input @a11y 

    Error: apiRequestContext.fetch: getaddrinfo ENOTFOUND trade-imports-animals-backend.undefined.cdp-int.defra.cloud
    Call log:
      - → POST https://trade-imports-animals-backend.undefined.cdp-int.defra.cloud/fulfilments
        - user-agent: Mozilla/5.0 (Windows NT 10.0; Win64; x64) AppleWebKit/537.36 (KHTML, like Gecko) Chrome/149.0.7827.55 Safari/537.36
        - accept: */*
        - accept-encoding: gzip,deflate,br
        - content-type: application/json


       at ../adapters/http/rest-client.ts:36

      34 |   private async send<T>(method: string, path: string, body?: unknown, headers?: Record<string, string>): Promise<T> {
      35 |     const url = `${this.baseUrl}${path}`;
    > 36 |     const response = await this.request.fetch(url, {
         |                                         ^
      37 |       method,
      38 |       headers: {
      39 |         'content-type': 'application/json',
        at RestClient.send (/Users/samfarrington/git/defra/trade-imports-animals/repos/trade-imports-animals-tests/adapters/http/rest-client.ts:36:41)
        at RestClient.post (/Users/samfarrington/git/defra/trade-imports-animals/repos/trade-imports-animals-tests/adapters/http/rest-client.ts:27:17)
        at NotificationApiClient.createFulfilment (/Users/samfarrington/git/defra/trade-imports-animals/repos/trade-imports-animals-tests/adapters/http/notification-api-client.ts:14:22)
        at ApiJourney.createFullNotification (/Users/samfarrington/git/defra/trade-imports-animals/repos/trade-imports-animals-tests/flows/api-journey.ts:79:36)
        at ApiJourney.createSubmittedNotification (/Users/samfarrington/git/defra/trade-imports-animals/repos/trade-imports-animals-tests/flows/api-journey.ts:89:30)
        at /Users/samfarrington/git/defra/trade-imports-animals/repos/trade-imports-animals-tests/tests/a11y/admin/admin-filled-state.spec.ts:11:22

    Error: No accessibility scans were run. Call runA11yScan() at least once.

       at ../fixtures/a11y.ts:78

      76 |
      77 |     // After test: guard against tests that destructure runA11yScan but never call it
    > 78 |     if (results.length === 0) throw new Error('No accessibility scans were run. Call runA11yScan() at least once.');
         |                                     ^
      79 |
      80 |     // After test: attach a JSON artefact for each scan that found violations
      81 |     for (const { path, violations } of results) {
        at Object.runA11yScan (/Users/samfarrington/git/defra/trade-imports-animals/repos/trade-imports-animals-tests/fixtures/a11y.ts:78:37)

    attachment #1: screenshot (image/png) ──────────────────────────────────────────────────────────
    test-results/a11y-admin-admin-filled-st-b1402-violations-after-user-input-admin-chromium/test-failed-1.png
    ────────────────────────────────────────────────────────────────────────────────────────────────

    Error Context: test-results/a11y-admin-admin-filled-st-b1402-violations-after-user-input-admin-chromium/error-context.md

    Retry #1 ───────────────────────────────────────────────────────────────────────────────────────

    Error: apiRequestContext.fetch: getaddrinfo ENOTFOUND trade-imports-animals-backend.undefined.cdp-int.defra.cloud
    Call log:
      - → POST https://trade-imports-animals-backend.undefined.cdp-int.defra.cloud/fulfilments
        - user-agent: Mozilla/5.0 (Windows NT 10.0; Win64; x64) AppleWebKit/537.36 (KHTML, like Gecko) Chrome/149.0.7827.55 Safari/537.36
        - accept: */*
        - accept-encoding: gzip,deflate,br
        - content-type: application/json


       at ../adapters/http/rest-client.ts:36

      34 |   private async send<T>(method: string, path: string, body?: unknown, headers?: Record<string, string>): Promise<T> {
      35 |     const url = `${this.baseUrl}${path}`;
    > 36 |     const response = await this.request.fetch(url, {
         |                                         ^
      37 |       method,
      38 |       headers: {
      39 |         'content-type': 'application/json',
        at RestClient.send (/Users/samfarrington/git/defra/trade-imports-animals/repos/trade-imports-animals-tests/adapters/http/rest-client.ts:36:41)
        at RestClient.post (/Users/samfarrington/git/defra/trade-imports-animals/repos/trade-imports-animals-tests/adapters/http/rest-client.ts:27:17)
        at NotificationApiClient.createFulfilment (/Users/samfarrington/git/defra/trade-imports-animals/repos/trade-imports-animals-tests/adapters/http/notification-api-client.ts:14:22)
        at ApiJourney.createFullNotification (/Users/samfarrington/git/defra/trade-imports-animals/repos/trade-imports-animals-tests/flows/api-journey.ts:79:36)
        at ApiJourney.createSubmittedNotification (/Users/samfarrington/git/defra/trade-imports-animals/repos/trade-imports-animals-tests/flows/api-journey.ts:89:30)
        at /Users/samfarrington/git/defra/trade-imports-animals/repos/trade-imports-animals-tests/tests/a11y/admin/admin-filled-state.spec.ts:11:22

    Error: No accessibility scans were run. Call runA11yScan() at least once.

       at ../fixtures/a11y.ts:78

      76 |
      77 |     // After test: guard against tests that destructure runA11yScan but never call it
    > 78 |     if (results.length === 0) throw new Error('No accessibility scans were run. Call runA11yScan() at least once.');
         |                                     ^
      79 |
      80 |     // After test: attach a JSON artefact for each scan that found violations
      81 |     for (const { path, violations } of results) {
        at Object.runA11yScan (/Users/samfarrington/git/defra/trade-imports-animals/repos/trade-imports-animals-tests/fixtures/a11y.ts:78:37)

    attachment #1: screenshot (image/png) ──────────────────────────────────────────────────────────
    test-results/a11y-admin-admin-filled-st-b1402-violations-after-user-input-admin-chromium-retry1/test-failed-1.png
    ────────────────────────────────────────────────────────────────────────────────────────────────

    Error Context: test-results/a11y-admin-admin-filled-st-b1402-violations-after-user-input-admin-chromium-retry1/error-context.md

    attachment #3: trace (application/zip) ─────────────────────────────────────────────────────────
    test-results/a11y-admin-admin-filled-st-b1402-violations-after-user-input-admin-chromium-retry1/trace.zip
    Usage:

        npx playwright show-trace test-results/a11y-admin-admin-filled-st-b1402-violations-after-user-input-admin-chromium-retry1/trace.zip

    ────────────────────────────────────────────────────────────────────────────────────────────────

  11) [admin-chromium] › tests/a11y/admin/admin-initial-state.spec.ts:4:3 › Accessibility (admin) WCAG 2.2 AA › each admin page has no accessibility violations on initial load @a11y 

    Error: page.goto: net::ERR_NAME_NOT_RESOLVED at https://trade-imports-animals-admin.undefined.cdp-int.defra.cloud/
    Call log:
      - navigating to "https://trade-imports-animals-admin.undefined.cdp-int.defra.cloud/", waiting until "load"


       at ../page-objects/base/base-page.ts:41

      39 |   async navigateToAdminPortal(path: string = '/'): Promise<void> {
      40 |     const baseUrl = requireBaseUrl('TRADE_IMPORTS_ANIMALS_ADMIN_BASE_URL');
    > 41 |     await this.page.goto(`${baseUrl}${path}`);
         |                     ^
      42 |   }
      43 |
      44 |   protected async signInWhenRequested(attemptSignIn: boolean): Promise<void> {
        at AdminDashboardPage.navigateToAdminPortal (/Users/samfarrington/git/defra/trade-imports-animals/repos/trade-imports-animals-tests/page-objects/base/base-page.ts:41:21)
        at AdminDashboardPage.open (/Users/samfarrington/git/defra/trade-imports-animals/repos/trade-imports-animals-tests/page-objects/admin/admin-dashboard-page.ts:24:16)
        at AdminNavigation.toAdminDashboard (/Users/samfarrington/git/defra/trade-imports-animals/repos/trade-imports-animals-tests/flows/admin-navigation.ts:7:37)
        at /Users/samfarrington/git/defra/trade-imports-animals/repos/trade-imports-animals-tests/tests/a11y/admin/admin-initial-state.spec.ts:6:29
        at /Users/samfarrington/git/defra/trade-imports-animals/repos/trade-imports-animals-tests/tests/a11y/admin/admin-initial-state.spec.ts:5:5

    Error: No accessibility scans were run. Call runA11yScan() at least once.

       at ../fixtures/a11y.ts:78

      76 |
      77 |     // After test: guard against tests that destructure runA11yScan but never call it
    > 78 |     if (results.length === 0) throw new Error('No accessibility scans were run. Call runA11yScan() at least once.');
         |                                     ^
      79 |
      80 |     // After test: attach a JSON artefact for each scan that found violations
      81 |     for (const { path, violations } of results) {
        at Object.runA11yScan (/Users/samfarrington/git/defra/trade-imports-animals/repos/trade-imports-animals-tests/fixtures/a11y.ts:78:37)

    attachment #1: screenshot (image/png) ──────────────────────────────────────────────────────────
    test-results/a11y-admin-admin-initial-s-a816c--violations-on-initial-load-admin-chromium/test-failed-1.png
    ────────────────────────────────────────────────────────────────────────────────────────────────

    Error Context: test-results/a11y-admin-admin-initial-s-a816c--violations-on-initial-load-admin-chromium/error-context.md

    Retry #1 ───────────────────────────────────────────────────────────────────────────────────────

    Error: page.goto: net::ERR_NAME_NOT_RESOLVED at https://trade-imports-animals-admin.undefined.cdp-int.defra.cloud/
    Call log:
      - navigating to "https://trade-imports-animals-admin.undefined.cdp-int.defra.cloud/", waiting until "load"


       at ../page-objects/base/base-page.ts:41

      39 |   async navigateToAdminPortal(path: string = '/'): Promise<void> {
      40 |     const baseUrl = requireBaseUrl('TRADE_IMPORTS_ANIMALS_ADMIN_BASE_URL');
    > 41 |     await this.page.goto(`${baseUrl}${path}`);
         |                     ^
      42 |   }
      43 |
      44 |   protected async signInWhenRequested(attemptSignIn: boolean): Promise<void> {
        at AdminDashboardPage.navigateToAdminPortal (/Users/samfarrington/git/defra/trade-imports-animals/repos/trade-imports-animals-tests/page-objects/base/base-page.ts:41:21)
        at AdminDashboardPage.open (/Users/samfarrington/git/defra/trade-imports-animals/repos/trade-imports-animals-tests/page-objects/admin/admin-dashboard-page.ts:24:16)
        at AdminNavigation.toAdminDashboard (/Users/samfarrington/git/defra/trade-imports-animals/repos/trade-imports-animals-tests/flows/admin-navigation.ts:7:37)
        at /Users/samfarrington/git/defra/trade-imports-animals/repos/trade-imports-animals-tests/tests/a11y/admin/admin-initial-state.spec.ts:6:29
        at /Users/samfarrington/git/defra/trade-imports-animals/repos/trade-imports-animals-tests/tests/a11y/admin/admin-initial-state.spec.ts:5:5

    Error: No accessibility scans were run. Call runA11yScan() at least once.

       at ../fixtures/a11y.ts:78

      76 |
      77 |     // After test: guard against tests that destructure runA11yScan but never call it
    > 78 |     if (results.length === 0) throw new Error('No accessibility scans were run. Call runA11yScan() at least once.');
         |                                     ^
      79 |
      80 |     // After test: attach a JSON artefact for each scan that found violations
      81 |     for (const { path, violations } of results) {
        at Object.runA11yScan (/Users/samfarrington/git/defra/trade-imports-animals/repos/trade-imports-animals-tests/fixtures/a11y.ts:78:37)

    attachment #1: screenshot (image/png) ──────────────────────────────────────────────────────────
    test-results/a11y-admin-admin-initial-s-a816c--violations-on-initial-load-admin-chromium-retry1/test-failed-1.png
    ────────────────────────────────────────────────────────────────────────────────────────────────

    Error Context: test-results/a11y-admin-admin-initial-s-a816c--violations-on-initial-load-admin-chromium-retry1/error-context.md

    attachment #3: trace (application/zip) ─────────────────────────────────────────────────────────
    test-results/a11y-admin-admin-initial-s-a816c--violations-on-initial-load-admin-chromium-retry1/trace.zip
    Usage:

        npx playwright show-trace test-results/a11y-admin-admin-initial-s-a816c--violations-on-initial-load-admin-chromium-retry1/trace.zip

    ────────────────────────────────────────────────────────────────────────────────────────────────

  12) [frontend-chromium] › tests/a11y/notification-dashboard-views.spec.ts:48:5 › Accessibility WCAG 2.2 AA › pagination › the notification dashboard has no accessibility violations when paginated @a11y 

    Error: page.goto: net::ERR_NAME_NOT_RESOLVED at https://trade-imports-animals-frontend.undefined.cdp-int.defra.cloud/live-animals
    Call log:
      - navigating to "https://trade-imports-animals-frontend.undefined.cdp-int.defra.cloud/live-animals", waiting until "load"


       at ../page-objects/base/base-page.ts:36

      34 |   async navigateToFrontend(path: string = '/'): Promise<void> {
      35 |     const baseUrl = requireBaseUrl('TRADE_IMPORTS_ANIMALS_FRONTEND_BASE_URL');
    > 36 |     await this.page.goto(`${baseUrl}${path}`);
         |                     ^
      37 |   }
      38 |
      39 |   async navigateToAdminPortal(path: string = '/'): Promise<void> {
        at NotificationDashboardPage.navigateToFrontend (/Users/samfarrington/git/defra/trade-imports-animals/repos/trade-imports-animals-tests/page-objects/base/base-page.ts:36:21)
        at NotificationDashboardPage.open (/Users/samfarrington/git/defra/trade-imports-animals/repos/trade-imports-animals-tests/page-objects/notification/notification-dashboard-page.ts:212:16)
        at Journey.toNotificationDashboard (/Users/samfarrington/git/defra/trade-imports-animals/repos/trade-imports-animals-tests/flows/journey.ts:24:44)
        at /Users/samfarrington/git/defra/trade-imports-animals/repos/trade-imports-animals-tests/tests/a11y/notification-dashboard-views.spec.ts:6:19

    attachment #1: screenshot (image/png) ──────────────────────────────────────────────────────────
    test-results/a11y-notification-dashboar-12ba5-y-violations-when-paginated-frontend-chromium/test-failed-1.png
    ────────────────────────────────────────────────────────────────────────────────────────────────

    Error Context: test-results/a11y-notification-dashboar-12ba5-y-violations-when-paginated-frontend-chromium/error-context.md

  11 failed
    [frontend-chromium] › tests/a11y/notification-dashboard-viewports.spec.ts:8:3 › Accessibility WCAG 2.2 AA › the notification dashboard has no accessibility violations across viewports @a11y 
    [frontend-chromium] › tests/a11y/notification-dashboard-views.spec.ts:9:3 › Accessibility WCAG 2.2 AA › the notification dashboard has no accessibility violations in its default and sorted views @a11y 
    [frontend-chromium] › tests/a11y/notification-dashboard-views.spec.ts:21:3 › Accessibility WCAG 2.2 AA › the notification dashboard has no accessibility violations when searched @a11y 
    [frontend-chromium] › tests/a11y/notification-journey-error-state.spec.ts:16:3 › Accessibility WCAG 2.2 AA › each notification journey page with validation has no accessibility violations when errors are shown @a11y 
    [frontend-chromium] › tests/a11y/notification-journey-filled-state.spec.ts:14:3 › Accessibility WCAG 2.2 AA › each notification journey page has no accessibility violations after user input @a11y 
    [frontend-chromium] › tests/a11y/notification-journey-initial-state.spec.ts:13:3 › Accessibility WCAG 2.2 AA › each notification journey page has no accessibility violations on initial load @a11y 
    [frontend-chromium] › tests/a11y/notification-view-states.spec.ts:5:3 › Accessibility WCAG 2.2 AA › the check your answers page has no accessibility violations in its DRAFT and SUBMITTED states, including the submission confirmation @a11y 
    [admin-chromium] › tests/a11y/admin/admin-dashboard-viewports.spec.ts:9:3 › Accessibility (admin) WCAG 2.2 AA › the admin dashboard has no accessibility violations across viewports @a11y 
    [admin-chromium] › tests/a11y/admin/admin-error-state.spec.ts:5:3 › Accessibility (admin) WCAG 2.2 AA › each admin page has no accessibility violations when validation errors are shown @a11y 
    [admin-chromium] › tests/a11y/admin/admin-filled-state.spec.ts:4:3 › Accessibility (admin) WCAG 2.2 AA › each admin page has no accessibility violations after user input @a11y 
    [admin-chromium] › tests/a11y/admin/admin-initial-state.spec.ts:4:3 › Accessibility (admin) WCAG 2.2 AA › each admin page has no accessibility violations on initial load @a11y 
  1 flaky
    [frontend-chromium] › tests/a11y/notification-dashboard-views.spec.ts:48:5 › Accessibility WCAG 2.2 AA › pagination › the notification dashboard has no accessibility violations when paginated @a11y 
