
> trade-imports-animals-tests@0.0.0 test:docker-compose:a11y
> npm run _reset_and_clean_and_test_docker_compose -- --grep '@a11y'


> trade-imports-animals-tests@0.0.0 _reset_and_clean_and_test_docker_compose
> npm run database:reseed && npm run _clean && npm run _test_docker_compose -- --grep @a11y


> trade-imports-animals-tests@0.0.0 database:reseed
> ./bin/database-reseed.sh

Workspace stack detected — delegating to scripts/stack/bounce-mongo.sh
Bouncing mongo (wipes volume, re-runs init scripts)...
 Container trade-imports-animals-mongodb-1 Recreate 
 Container trade-imports-animals-mongodb-1 Recreated 
 Container trade-imports-animals-mongodb-1 Starting 
 Container trade-imports-animals-mongodb-1 Started 
 Container trade-imports-animals-mongodb-1 Waiting 
 Container trade-imports-animals-mongodb-1 Healthy 

> trade-imports-animals-tests@0.0.0 _clean
> rm -rf test-results playwright-report allure-results allure-report FAILED


> trade-imports-animals-tests@0.0.0 _test_docker_compose
> playwright test --config=playwright.docker-compose.config.ts --grep @a11y


Running 12 tests using 8 workers

(node:41749) Warning: The 'NO_COLOR' env is ignored due to the 'FORCE_COLOR' env being set.
(Use `node --trace-warnings ...` to show where the warning was created)
(node:41748) Warning: The 'NO_COLOR' env is ignored due to the 'FORCE_COLOR' env being set.
(Use `node --trace-warnings ...` to show where the warning was created)
(node:41750) Warning: The 'NO_COLOR' env is ignored due to the 'FORCE_COLOR' env being set.
(Use `node --trace-warnings ...` to show where the warning was created)
(node:41752) Warning: The 'NO_COLOR' env is ignored due to the 'FORCE_COLOR' env being set.
(Use `node --trace-warnings ...` to show where the warning was created)
(node:41753) Warning: The 'NO_COLOR' env is ignored due to the 'FORCE_COLOR' env being set.
(Use `node --trace-warnings ...` to show where the warning was created)
(node:41755) Warning: The 'NO_COLOR' env is ignored due to the 'FORCE_COLOR' env being set.
(Use `node --trace-warnings ...` to show where the warning was created)
(node:41754) Warning: The 'NO_COLOR' env is ignored due to the 'FORCE_COLOR' env being set.
(Use `node --trace-warnings ...` to show where the warning was created)
(node:41751) Warning: The 'NO_COLOR' env is ignored due to the 'FORCE_COLOR' env being set.
(Use `node --trace-warnings ...` to show where the warning was created)
  -   6 [frontend-chromium] › tests/a11y/notification-dashboard-views.spec.ts:48:5 › Accessibility WCAG 2.2 AA › pagination › the notification dashboard has no accessibility violations when paginated @a11y
(node:41811) Warning: The 'NO_COLOR' env is ignored due to the 'FORCE_COLOR' env being set.
(Use `node --trace-warnings ...` to show where the warning was created)
  ✓   5 [frontend-chromium] › tests/a11y/notification-dashboard-viewports.spec.ts:8:3 › Accessibility WCAG 2.2 AA › the notification dashboard has no accessibility violations across viewports @a11y (2.3s)
(node:41827) Warning: The 'NO_COLOR' env is ignored due to the 'FORCE_COLOR' env being set.
(Use `node --trace-warnings ...` to show where the warning was created)
  ✓   7 [frontend-chromium] › tests/a11y/notification-dashboard-views.spec.ts:9:3 › Accessibility WCAG 2.2 AA › the notification dashboard has no accessibility violations in its default and sorted views @a11y (2.8s)
(node:41837) Warning: The 'NO_COLOR' env is ignored due to the 'FORCE_COLOR' env being set.
(Use `node --trace-warnings ...` to show where the warning was created)
  ✓   9 [admin-chromium] › tests/a11y/admin/admin-dashboard-viewports.spec.ts:9:3 › Accessibility (admin) WCAG 2.2 AA › the admin dashboard has no accessibility violations across viewports @a11y (1.5s)
  ✓  10 [admin-chromium] › tests/a11y/admin/admin-error-state.spec.ts:5:3 › Accessibility (admin) WCAG 2.2 AA › each admin page has no accessibility violations when validation errors are shown @a11y (1.1s)
  ✓   8 [frontend-chromium] › tests/a11y/notification-dashboard-views.spec.ts:21:3 › Accessibility WCAG 2.2 AA › the notification dashboard has no accessibility violations when searched @a11y (8.0s)
  ✓   4 [frontend-chromium] › tests/a11y/notification-view-states.spec.ts:5:3 › Accessibility WCAG 2.2 AA › the check your answers page has no accessibility violations in its DRAFT and SUBMITTED states, including the submission confirmation @a11y (8.0s)
  ✓  12 [admin-chromium] › tests/a11y/admin/admin-filled-state.spec.ts:4:3 › Accessibility (admin) WCAG 2.2 AA › each admin page has no accessibility violations after user input @a11y (7.1s)
  ✓  11 [admin-chromium] › tests/a11y/admin/admin-initial-state.spec.ts:4:3 › Accessibility (admin) WCAG 2.2 AA › each admin page has no accessibility violations on initial load @a11y (7.4s)
  ✓   1 [frontend-chromium] › tests/a11y/notification-journey-error-state.spec.ts:16:3 › Accessibility WCAG 2.2 AA › each notification journey page with validation has no accessibility violations when errors are shown @a11y (13.8s)
  ✓   2 [frontend-chromium] › tests/a11y/notification-journey-filled-state.spec.ts:14:3 › Accessibility WCAG 2.2 AA › each notification journey page has no accessibility violations after user input @a11y (27.9s)
  ✓   3 [frontend-chromium] › tests/a11y/notification-journey-initial-state.spec.ts:13:3 › Accessibility WCAG 2.2 AA › each notification journey page has no accessibility violations on initial load @a11y (28.8s)

  1 skipped
  11 passed (29.6s)
