
> trade-imports-animals-tests@0.0.0 test
> npm run _assert_stack && npm run _clean && npm run database:reseed && npm run _test_e2e


> trade-imports-animals-tests@0.0.0 _assert_stack
> sh ./bin/assert-stack.sh


> trade-imports-animals-tests@0.0.0 _clean
> rm -rf test-results playwright-report allure-results allure-report FAILED


> trade-imports-animals-tests@0.0.0 database:reseed
> ./bin/database-reseed.sh

Workspace stack detected — delegating to scripts/stack/bounce-mongo.sh
Bouncing mongo (wipes volume, re-runs init scripts)...
 Container trade-imports-animals-mongodb-1 Recreate 
 Container trade-imports-animals-mongodb-1 Recreated 
 Container trade-imports-animals-mongodb-1 Starting 
 Container trade-imports-animals-mongodb-1 Started 
 Container trade-imports-animals-mongodb-1 Waiting 
 Container trade-imports-animals-mongodb-1 Healthy 

> trade-imports-animals-tests@0.0.0 _test_e2e
> TRADE_IMPORTS_ANIMALS_FRONTEND_BASE_URL="${REWORKED_FRONTEND_URL:-http://localhost:3100}" TRADE_IMPORTS_ANIMALS_ADMIN_BASE_URL="${ADMIN_FRONTEND_URL:-http://localhost:3001}" playwright test --config=playwright.e2e.config.ts --project=e2e --project=admin


Running 156 tests using 4 workers

(node:38249) Warning: The 'NO_COLOR' env is ignored due to the 'FORCE_COLOR' env being set.
(Use `node --trace-warnings ...` to show where the warning was created)
(node:38248) Warning: The 'NO_COLOR' env is ignored due to the 'FORCE_COLOR' env being set.
(Use `node --trace-warnings ...` to show where the warning was created)
(node:38246) Warning: The 'NO_COLOR' env is ignored due to the 'FORCE_COLOR' env being set.
(Use `node --trace-warnings ...` to show where the warning was created)
(node:38247) Warning: The 'NO_COLOR' env is ignored due to the 'FORCE_COLOR' env being set.
(Use `node --trace-warnings ...` to show where the warning was created)
  ✓    1 [e2e] › tests/e2e/features/addresses-add-new.spec.ts:4:3 › Add a new address › adding a new address from the consignor spoke copies it into the consignor and the spoke then offers it @integration @duplicated-in-frontend (10.8s)
  ✓    3 [e2e] › tests/e2e/features/addresses-picker.spec.ts:4:3 › Addresses picker › the picker searches and pages the address book, and the row selected on a later page is the one that saves @integration @duplicated-in-frontend (11.0s)
  ✓    2 [e2e] › tests/e2e/features/all-operators.spec.ts:7:3 › All operator addresses › check your answers lists all six operators with the picked name and country @integration @duplicated-in-frontend (14.2s)
  ✓    6 [e2e] › tests/e2e/features/animal-identifiers-cap.spec.ts:4:3 › Animal identifiers cap › the N-of-M counter caps records at the declared count, remove frees a slot, and a count drop is blocked with an error naming the species @integration @duplicated-in-frontend (8.6s)
  ✓    7 [e2e] › tests/e2e/features/animal-identifiers-conditional.spec.ts:4:3 › Animal identifiers — conditional identifier surface › a unit form shows only the identifier types the commodity requires, plus the permanent address for cats and dogs @integration @duplicated-in-frontend (7.0s)
  ✓    9 [e2e] › tests/e2e/features/auth.spec.ts:4:1 › signing in without a stored redirect lands on the default set @auth @integration (360ms)
  ✓   10 [e2e] › tests/e2e/features/auth.spec.ts:18:3 › Authentication › lands on the sign in page when opening the notification dashboard @auth @integration (110ms)
  ✓   11 [e2e] › tests/e2e/features/auth.spec.ts:23:3 › Authentication › allows signing into the notification dashboard @auth @integration @smoke (347ms)
  ✓   12 [e2e] › tests/e2e/features/auth.spec.ts:29:3 › Authentication › displays an error message when signing in with invalid user id @auth @integration (182ms)
  ✓   13 [e2e] › tests/e2e/features/auth.spec.ts:35:3 › Authentication › displays an error message when signing in with invalid password @auth @integration (153ms)
  ✓   14 [e2e] › tests/e2e/features/auth.spec.ts:41:3 › Authentication › allows signing out after signing in @auth @integration (355ms)
  ✓   15 [e2e] › tests/e2e/features/auth.spec.ts:48:3 › Authentication › displays signed in user after signing in @auth @integration (287ms)
  ✓   16 [e2e] › tests/e2e/features/auth.spec.ts:53:3 › Authentication › lands on the sign in page when reopening the notification dashboard after sign out @auth @integration (385ms)
  ✓   17 [e2e] › tests/e2e/features/auth.spec.ts:80:5 › Authentication › Origin of the import (unauthenticated entry) › lands on the sign in page when opening a page further in the journey @auth @integration (738ms)
  ✓   18 [e2e] › tests/e2e/features/auth.spec.ts:85:5 › Authentication › Origin of the import (unauthenticated entry) › allows signing into a page further in the journey @auth @integration (960ms)
  ✓   19 [e2e] › tests/e2e/features/cancel-amend-ui.spec.ts:17:5 › Cancel amendment through the UI › from an amending notification › shows the Cancel amendment link while the notification is amending @integration (1.1s)
  ✓    8 [e2e] › tests/e2e/features/animal-identifiers-conditional.spec.ts:59:3 › Animal identifiers — conditional identifier surface › a commodity with no typed identifier shows only the free-text fallbacks, and one satisfies the group @integration @duplicated-in-frontend (6.7s)
  ✓   20 [e2e] › tests/e2e/features/cancel-amend-ui.spec.ts:22:5 › Cancel amendment through the UI › from an amending notification › opens the confirmation page when Cancel amendment is selected @integration (1.1s)
  ✓   21 [e2e] › tests/e2e/features/cancel-amend-ui.spec.ts:36:5 › Cancel amendment through the UI › from an amending notification › No returns to the notification view with the amendment still in progress @integration (1.3s)
  ✓   22 [e2e] › tests/e2e/features/cancel-amend-ui.spec.ts:47:3 › Cancel amendment through the UI › Yes cancels the amendment and restores the submitted answers @integration @smoke (1.4s)
  ✓    4 [e2e] › tests/e2e/features/additional-details-scope.spec.ts:4:3 › Additional details scope › the unweaned-animals question shows only when a triggering commodity line exists @integration @duplicated-in-frontend (29.6s)
  ✓   25 [e2e] › tests/e2e/features/country-of-origin-select.spec.ts:4:3 › Country of origin plain select › renders all options, submits the country code and persists it @integration @duplicated-in-frontend (6.0s)
  ✓    5 [e2e] › tests/e2e/features/amend-resubmit.spec.ts:14:3 › Amend resubmission › resubmits an amended notification: Submitted → Amending → Submitted with the edited answer kept @integration (27.5s)
  ✓   24 [e2e] › tests/e2e/features/commercial-transporter-scope.spec.ts:6:3 › Commercial transporter scope › commercial transporter is owed only for the commercial type and is wiped when the type changes @integration @duplicated-in-frontend (9.6s)
  ✓   23 [e2e] › tests/e2e/features/change-from-cya.spec.ts:5:3 › Change from check your answers › a Change link opens the answering page with change context and the save returns to check your answers with the new value @integration @duplicated-in-frontend (11.1s)
  ✓   28 [e2e] › tests/e2e/features/documents-limits.spec.ts:49:3 › Documents limits › accepts a 10 MB PDF and rejects the same real file at one byte over @integration @duplicated-in-frontend (11.3s)
  ✓   29 [e2e] › tests/e2e/features/documents-refresh-no-js.spec.ts:10:3 › Documents scan refresh without JavaScript › the refresh fallback reflects scan progress without client JavaScript @integration @duplicated-in-frontend (11.0s)
  ✓   30 [e2e] › tests/e2e/features/documents-reject.spec.ts:8:3 › Documents reject flows › refuses an oversize file pick without adding a document @integration @duplicated-in-frontend (6.7s)
  ✓   31 [e2e] › tests/e2e/features/documents-scan-lifecycle.spec.ts:14:3 › Documents scan lifecycle › virus-named upload: accepted with Checking, then Virus found with error summary and no view link @integration @duplicated-in-frontend (10.3s)
  ✓   33 [e2e] › tests/e2e/features/headers.spec.ts:4:1 › promoted frontend sends a Content-Security-Policy header @integration (377ms)
  ✓   26 [e2e] › tests/e2e/features/cph-scope.spec.ts:4:3 › CPH scope › the CPH page and addresses-hub row show only when a CPH-triggering commodity line exists @integration @duplicated-in-frontend (28.0s)
  ✓   34 [e2e] › tests/e2e/features/hub-groups-and-cya-rows.spec.ts:5:3 › Hub groups and check-your-answers rows › the hub groups its tasks under the six numbered group headings @integration @duplicated-in-frontend (5.6s)
  ✓   32 [e2e] › tests/e2e/features/documents-scan-lifecycle.spec.ts:36:3 › Documents scan lifecycle › clean upload: shows Checking with no view link, then Safe with a view link @integration @duplicated-in-frontend (10.1s)
  ✓   37 [e2e] › tests/e2e/features/notification-dashboard-search.spec.ts:12:3 › Notification dashboard search › displays the filter notifications search form (501ms)
  ✓   36 [e2e] › tests/e2e/features/import-type-routing.spec.ts:4:3 › Import type routing › a blank answer blocks Continue, a non-live-animals answer routes to the holding page, live animals opens the run @integration @duplicated-in-frontend (5.9s)
  ✓   38 [e2e] › tests/e2e/features/notification-dashboard-search.spec.ts:19:3 › Notification dashboard search › returns matching notification when searching by complete reference number (5.8s)
  ✓   35 [e2e] › tests/e2e/features/hub-groups-and-cya-rows.spec.ts:37:3 › Hub groups and check-your-answers rows › after completing every section the check-your-answers page renders the answered rows @integration @duplicated-in-frontend (9.5s)
  ✓   40 [e2e] › tests/e2e/features/notification-dashboard-search.spec.ts:48:3 › Notification dashboard search › shows no notifications found when search has no matches (477ms)
  ✓   41 [e2e] › tests/e2e/features/notification-dashboard-search.spec.ts:58:3 › Notification dashboard search › shows no notifications found when search text is free text (412ms)
  ✓   43 [e2e] › tests/e2e/features/notification-dashboard-search.spec.ts:85:3 › Notification dashboard search › preserves referenceNumber in the URL when a page param is present (543ms)
  ✓   44 [e2e] › tests/e2e/features/notification-dashboard-sort.spec.ts:10:3 › Notification dashboard sort › default sort option is "Arrival (newest to oldest)" (300ms)
  ✓   45 [e2e] › tests/e2e/features/notification-dashboard-sort.spec.ts:15:3 › Notification dashboard sort › sort dropdown contains all four expected options (294ms)
  ✓   46 [e2e] › tests/e2e/features/notification-dashboard-sort.spec.ts:27:5 › Notification dashboard sort › selecting "Arrival (newest to oldest)" submits and reloads without error (437ms)
  ✓   47 [e2e] › tests/e2e/features/notification-dashboard-sort.spec.ts:27:5 › Notification dashboard sort › selecting "Arrival (oldest to newest)" submits and reloads without error (421ms)
  ✓   48 [e2e] › tests/e2e/features/notification-dashboard-sort.spec.ts:27:5 › Notification dashboard sort › selecting "Date created (newest to oldest)" submits and reloads without error (428ms)
  ✓   49 [e2e] › tests/e2e/features/notification-dashboard-sort.spec.ts:27:5 › Notification dashboard sort › selecting "Date created (oldest to newest)" submits and reloads without error (525ms)
  ✓   39 [e2e] › tests/e2e/features/notification-dashboard-search.spec.ts:33:3 › Notification dashboard search › opens notification view when clicking View after searching by reference number (5.8s)
  ✓   42 [e2e] › tests/e2e/features/notification-dashboard-search.spec.ts:69:3 › Notification dashboard search › preserves referenceNumber when updating sort after search (5.7s)
  ✓   50 [e2e] › tests/e2e/features/notification-delete.spec.ts:10:3 › Notification delete › deletes a draft notification @integration @duplicated-in-frontend (5.8s)
  ✓   51 [e2e] › tests/e2e/features/notification-delete.spec.ts:20:3 › Notification delete › deletes the notification and removes it from the dashboard @integration @duplicated-in-frontend @smoke (5.8s)
  ✓   52 [e2e] › tests/e2e/features/port-of-entry-select.spec.ts:7:3 › Port of entry plain select › renders name-and-code options, submits the code and persists it @integration @duplicated-in-frontend (11.5s)
  ✓   53 [e2e] › tests/e2e/features/private-transporter-scope.spec.ts:17:3 › Private transporter scope › keyed-in details are owed only for the private type; a partial fill blocks the save; changing the type wipes them @integration @duplicated-in-frontend (8.9s)
  ✓   56 [e2e] › tests/e2e/features/promoted-lifecycle.spec.ts:6:3 › Promoted notification lifecycle › creates, submits, amends, cancels, copies idempotently and soft-deletes through /fulfilments @compose @integration (71ms)
  ✓   54 [e2e] › tests/e2e/features/promoted-documents.spec.ts:7:3 › Promoted accompanying documents integration › uploads, scans, downloads and removes a document through the real uploader @compose @integration (10.2s)
  ✓   27 [e2e] › tests/e2e/features/documents-limits.spec.ts:21:3 › Documents limits › accepts a tenth document and rejects an eleventh with the maximum-documents error @integration @duplicated-in-frontend (55.7s)
  ✓   55 [e2e] › tests/e2e/features/promoted-documents.spec.ts:39:3 › Promoted accompanying documents integration › rejects an unsupported file type without adding a document @compose @integration (6.7s)
  ✓   58 [e2e] › tests/e2e/features/reason-purpose-scope.spec.ts:4:3 › Reason and purpose scope › purpose is owed only for the internal market and is wiped when the reason changes @integration @duplicated-in-frontend (8.1s)
  ✓   60 [e2e] › tests/e2e/features/task-page-exits.spec.ts:4:3 › Task-page exits › Cancel and return to hub discards typed input; Save and return to hub commits and lands on the hub @integration @duplicated-in-frontend (6.2s)
  ✓   61 [e2e] › tests/e2e/features/transit-means-scope.spec.ts:4:3 › Transit countries scope › the transit-countries page is routed only for rail or road; changing the means wipes saved countries @integration @duplicated-in-frontend (7.8s)
  ✓   57 [e2e] › tests/e2e/features/promoted-lifecycle.spec.ts:33:3 › Promoted notification lifecycle › renders a submitted notification read-only and re-enters an amendment at Overview @compose @integration (20.5s)
  ✓   62 [e2e] › tests/e2e/journeys/persistence/persistence-accompanying-document.spec.ts:18:3 › Accompanying document persistence round-trip › uploads a document that persists to Mongo and reloads @integration @mongodb (15.0s)
  ✓   63 [e2e] › tests/e2e/journeys/persistence/persistence-notification.spec.ts:14:3 › Notification persistence round-trip › draft notification persists as DRAFT up to declaration @integration @mongodb (10.0s)
  ✓   59 [e2e] › tests/e2e/features/reference-strip.spec.ts:6:3 › Reference strip › the Draft tag and GBN-AG reference show on the hub and task pages, and are absent on pre-origin surfaces @integration @duplicated-in-frontend (26.5s)
  ✓   64 [e2e] › tests/e2e/journeys/persistence/persistence-notification.spec.ts:32:3 › Notification persistence round-trip › submitted notification persists the journey answers and reloads read-only @integration @mongodb (15.4s)
  ✓   66 [e2e] › tests/e2e/pages/additional-details.spec.ts:8:3 › Additional details page › renders the page controls @integration @duplicated-in-frontend (7.4s)
  ✓   67 [e2e] › tests/e2e/pages/additional-details.spec.ts:15:3 › Additional details page › leaves the additional details unchecked on load @integration @duplicated-in-frontend (7.2s)
  ✓   65 [e2e] › tests/e2e/journeys/promoted-notification.spec.ts:4:1 › submits a promoted live-animals notification through the hub-owned spine @compose @integration (10.6s)
  ✓   69 [e2e] › tests/e2e/pages/animal-identification.spec.ts:8:3 › Animal identification page › renders the page controls @integration @duplicated-in-frontend (7.0s)
  ✓   70 [e2e] › tests/e2e/pages/animal-identification.spec.ts:16:3 › Animal identification page › leaves the ear tag empty on load @integration @duplicated-in-frontend (6.8s)
  ✓   68 [e2e] › tests/e2e/pages/additional-details.spec.ts:20:3 › Additional details page › accepts valid additional details @integration @duplicated-in-frontend (8.1s)
  ✓   71 [e2e] › tests/e2e/pages/animal-identification.spec.ts:20:3 › Animal identification page › accepts a valid ear tag @integration @duplicated-in-frontend (7.9s)
  ✓   72 [e2e] › tests/e2e/pages/arrival-details.spec.ts:8:3 › Arrival details page › renders the page controls @integration @duplicated-in-frontend (6.9s)
  ✓   73 [e2e] › tests/e2e/pages/arrival-details.spec.ts:17:3 › Arrival details page › leaves the arrival details unanswered on load @integration @duplicated-in-frontend (6.8s)
  ✓   74 [e2e] › tests/e2e/pages/arrival-details.spec.ts:22:3 › Arrival details page › accepts valid arrival details @integration @duplicated-in-frontend (7.4s)
  ✓   75 [e2e] › tests/e2e/pages/arrival-details.spec.ts:29:3 › Arrival details page › shows an error summary when submitted empty @integration @duplicated-in-frontend (6.5s)
  ✓   76 [e2e] › tests/e2e/pages/commodities.spec.ts:16:3 › Commodity selection page › renders the full grouped checklist @integration @duplicated-in-frontend (6.4s)
  ✓   77 [e2e] › tests/e2e/pages/commodities.spec.ts:29:3 › Commodity selection page › accepts and persists multiple commodity-species pairs @integration @duplicated-in-frontend (6.5s)
  ✓   78 [e2e] › tests/e2e/pages/commodities.spec.ts:39:3 › Commodity selection page › shows an error summary when submitted empty @integration @duplicated-in-frontend (6.1s)
  ✓   79 [e2e] › tests/e2e/pages/consignment-details.spec.ts:8:3 › Consignment details page › renders the page controls @integration @duplicated-in-frontend (6.1s)
  ✓   80 [e2e] › tests/e2e/pages/consignment-details.spec.ts:15:3 › Consignment details page › leaves the number of animals empty on load @integration @duplicated-in-frontend (6.1s)
  ✓   81 [e2e] › tests/e2e/pages/consignment-details.spec.ts:19:3 › Consignment details page › accepts valid consignment details @integration @duplicated-in-frontend (6.4s)
  ✓   82 [e2e] › tests/e2e/pages/contact-address.spec.ts:8:3 › Contact address page › renders the page controls @integration @duplicated-in-frontend (6.3s)
  ✓   83 [e2e] › tests/e2e/pages/contact-address.spec.ts:14:3 › Contact address page › leaves the contact address unchecked on load @integration @duplicated-in-frontend (6.4s)
  ✓   84 [e2e] › tests/e2e/pages/contact-address.spec.ts:18:3 › Contact address page › accepts a valid contact address @integration @duplicated-in-frontend (6.6s)
  ✓   85 [e2e] › tests/e2e/pages/contact-address.spec.ts:25:3 › Contact address page › saving with no contact address selected is allowed and exits to the hub @integration @duplicated-in-frontend (6.5s)
  ✓   86 [e2e] › tests/e2e/pages/contact-address.spec.ts:32:3 › Contact address page › adding a new contact address saves it and offers it selected @integration @duplicated-in-frontend (6.8s)
  ✓   87 [e2e] › tests/e2e/pages/cph-number.spec.ts:8:3 › CPH number page › renders the page controls @integration @duplicated-in-frontend (7.6s)
  ✓   88 [e2e] › tests/e2e/pages/cph-number.spec.ts:14:3 › CPH number page › leaves the CPH number empty on load @integration @duplicated-in-frontend (7.8s)
  ✓   89 [e2e] › tests/e2e/pages/cph-number.spec.ts:18:3 › CPH number page › accepts a valid CPH number @integration @duplicated-in-frontend (8.6s)
  ✓   90 [e2e] › tests/e2e/pages/cph-number.spec.ts:25:3 › CPH number page › shows an error summary when submitted empty @integration @duplicated-in-frontend (8.6s)
  ✓   91 [e2e] › tests/e2e/pages/declaration.spec.ts:8:3 › Declaration page › renders the page controls @integration @duplicated-in-frontend (9.9s)
  ✓   93 [e2e] › tests/e2e/pages/import-purpose.spec.ts:8:3 › Import purpose page › renders the page controls @integration @duplicated-in-frontend (6.8s)
  ✓   94 [e2e] › tests/e2e/pages/import-purpose.spec.ts:14:3 › Import purpose page › leaves the import purpose unchecked on load @integration @duplicated-in-frontend (6.9s)
  ✓   92 [e2e] › tests/e2e/pages/declaration.spec.ts:14:3 › Declaration page › shows an error summary when submitted unconfirmed @integration @duplicated-in-frontend (10.6s)
  ✓   95 [e2e] › tests/e2e/pages/import-purpose.spec.ts:18:3 › Import purpose page › accepts a valid import purpose @integration @duplicated-in-frontend (6.5s)
  ✓   96 [e2e] › tests/e2e/pages/import-reason.spec.ts:8:3 › Import reason page › renders the page controls @integration @duplicated-in-frontend (6.7s)
  ✓   97 [e2e] › tests/e2e/pages/import-reason.spec.ts:14:3 › Import reason page › leaves the import reason unchecked on load @integration @duplicated-in-frontend (6.5s)
  ✓  101 [e2e] › tests/e2e/pages/notification-dashboard.spec.ts:24:5 › Import notification service dashboard › dashboard basics › lands on the notification dashboard @integration @smoke (390ms)
  ✓   99 [e2e] › tests/e2e/pages/notification-dashboard-pagination.spec.ts:5:3 › Dashboard pagination › uses GOV.UK pagination and reports the result range @integration (4.6s)
  ✓  102 [e2e] › tests/e2e/pages/notification-dashboard.spec.ts:30:5 › Import notification service dashboard › dashboard basics › allows creating a new notification @integration (469ms)
  ✓  103 [e2e] › tests/e2e/pages/notification-dashboard.spec.ts:36:5 › Import notification service dashboard › dashboard basics › displays the notification list and result count @integration (585ms)
  ✓   98 [e2e] › tests/e2e/pages/import-reason.spec.ts:18:3 › Import reason page › accepts a valid import reason @integration @duplicated-in-frontend (6.6s)
  ✓  106 [e2e] › tests/e2e/pages/notification-dashboard.spec.ts:76:5 › Import notification service dashboard › notification card actions by status › shows view, copy and amend actions for a submitted notification @integration (495ms)
Auth retry triggered — initial sign-in did not land on dashboard within 5s
Auth retry triggered — initial sign-in did not land on dashboard within 5s
  ✓  100 [e2e] › tests/e2e/pages/notification-dashboard.spec.ts:5:3 › Import notification service dashboard › starts a journey at the promoted import-type filter and lists the draft @integration (11.1s)
  ✓  105 [e2e] › tests/e2e/pages/notification-dashboard.spec.ts:63:5 › Import notification service dashboard › notification card actions by status › shows resume, copy and delete actions for a draft notification @integration (10.7s)
  ✓  107 [e2e] › tests/e2e/pages/notification-dashboard.spec.ts:88:5 › Import notification service dashboard › notification card actions by status › copies a submitted notification from its searched dashboard card @integration @smoke (14.7s)
  ✘  104 [e2e] › tests/e2e/pages/notification-dashboard.spec.ts:46:5 › Import notification service dashboard › dashboard basics › displays details on a notification card @integration (15.8s)
(node:38803) Warning: The 'NO_COLOR' env is ignored due to the 'FORCE_COLOR' env being set.
(Use `node --trace-warnings ...` to show where the warning was created)
  ✓  110 [e2e] › tests/e2e/pages/notification-view-states.spec.ts:26:5 › Notification view states › DRAFT › shows Change links for the recorded answers @integration @duplicated-in-frontend (314ms)
  ✓  111 [e2e] › tests/e2e/pages/notification-view-states.spec.ts:31:5 › Notification view states › DRAFT › offers submission and none of the post-submit actions @integration @duplicated-in-frontend (420ms)
  ✓  113 [e2e] › tests/e2e/pages/notification-view-states.spec.ts:39:5 › Notification view states › DRAFT › Continue moves on to the declaration @integration @duplicated-in-frontend (463ms)
  ✓  114 [e2e] › tests/e2e/pages/notification-view-states.spec.ts:54:5 › Notification view states › SUBMITTED › lands on the view page with the Submitted strip and reference @integration @duplicated-in-frontend (333ms)
  ✓  115 [e2e] › tests/e2e/pages/notification-view-states.spec.ts:60:5 › Notification view states › SUBMITTED › offers Copy as new and Delete on the read-only view @integration @duplicated-in-frontend (471ms)
  ✓  116 [e2e] › tests/e2e/pages/notification-view-states.spec.ts:66:5 › Notification view states › SUBMITTED › copies the submitted notification to a new draft @integration @duplicated-in-frontend (445ms)
  ✓  117 [e2e] › tests/e2e/pages/notification-view-states.spec.ts:78:5 › Notification view states › SUBMITTED › still renders the recorded answers after submission @integration @duplicated-in-frontend (326ms)
  ✓  118 [e2e] › tests/e2e/pages/origin.spec.ts:8:3 › Origin of the import page › renders the page controls @integration @duplicated-in-frontend (10.6s)
  ✓  112 [e2e] › tests/e2e/pages/notification-dashboard.spec.ts:46:5 › Import notification service dashboard › dashboard basics › displays details on a notification card @integration (retry #1) (15.9s)
  ✘  108 [e2e] › tests/e2e/pages/notification-view-states.spec.ts:11:5 › Notification view states › DRAFT › renders the recorded answers in the numbered design sections @integration @duplicated-in-frontend (30.0s)
(node:38855) Warning: The 'NO_COLOR' env is ignored due to the 'FORCE_COLOR' env being set.
(Use `node --trace-warnings ...` to show where the warning was created)
  ✓  121 [e2e] › tests/e2e/pages/notification-view-states.spec.ts:11:5 › Notification view states › DRAFT › renders the recorded answers in the numbered design sections @integration @duplicated-in-frontend (retry #1) (424ms)
  ✓  119 [e2e] › tests/e2e/pages/origin.spec.ts:15:3 › Origin of the import page › shows the country selector on load @integration @duplicated-in-frontend (10.7s)
  ✘  109 [e2e] › tests/e2e/pages/notification-view-states.spec.ts:21:5 › Notification view states › DRAFT › shows the Draft strip with the notification reference @integration @duplicated-in-frontend (30.0s)
(node:38873) Warning: The 'NO_COLOR' env is ignored due to the 'FORCE_COLOR' env being set.
(Use `node --trace-warnings ...` to show where the warning was created)
  ✓  124 [e2e] › tests/e2e/pages/notification-view-states.spec.ts:21:5 › Notification view states › DRAFT › shows the Draft strip with the notification reference @integration @duplicated-in-frontend (retry #1) (463ms)
  ✓  120 [e2e] › tests/e2e/pages/origin.spec.ts:19:3 › Origin of the import page › accepts valid origin details @integration @duplicated-in-frontend (10.8s)
  ✓  123 [e2e] › tests/e2e/pages/transited-countries.spec.ts:8:3 › Transited countries page › renders one 31-country checkbox group @integration @duplicated-in-frontend (6.6s)
  ✓  126 [e2e] › tests/e2e/pages/transited-countries.spec.ts:32:3 › Transited countries page › shows an error summary when submitted empty @integration @duplicated-in-frontend (6.6s)
  ✓  122 [e2e] › tests/e2e/pages/origin.spec.ts:27:3 › Origin of the import page › shows an error summary when submitted without a country @integration @duplicated-in-frontend (10.9s)
  ✓  127 [e2e] › tests/e2e/pages/transporter-selection.spec.ts:8:3 › Transporter selection page › renders the page controls @integration @duplicated-in-frontend (6.7s)
  ✓  125 [e2e] › tests/e2e/pages/transited-countries.spec.ts:20:3 › Transited countries page › accepts and persists multiple transited countries @integration @duplicated-in-frontend (11.7s)
  ✓  128 [e2e] › tests/e2e/pages/transporter-selection.spec.ts:14:3 › Transporter selection page › leaves the transporter unchecked on load @integration @duplicated-in-frontend (6.8s)
  ✓  129 [e2e] › tests/e2e/pages/transporter-selection.spec.ts:18:3 › Transporter selection page › accepts a valid transporter @integration @duplicated-in-frontend (7.0s)
(node:39030) Warning: The 'NO_COLOR' env is ignored due to the 'FORCE_COLOR' env being set.
(Use `node --trace-warnings ...` to show where the warning was created)
  ✓  130 [e2e] › tests/e2e/pages/transporter.spec.ts:8:3 › Transporter page › renders the page controls @integration @duplicated-in-frontend (6.7s)
(node:39070) Warning: The 'NO_COLOR' env is ignored due to the 'FORCE_COLOR' env being set.
(Use `node --trace-warnings ...` to show where the warning was created)
  ✓  134 [admin] › tests/e2e/features/admin/admin-auth.spec.ts:8:3 › Authentication (admin) › lands on the sign in page when opening the admin dashboard @auth (145ms)
  ✓  131 [e2e] › tests/e2e/pages/transporter.spec.ts:14:3 › Transporter page › leaves the transporter type unchecked on load @integration @duplicated-in-frontend (6.8s)
(node:39078) Warning: The 'NO_COLOR' env is ignored due to the 'FORCE_COLOR' env being set.
(Use `node --trace-warnings ...` to show where the warning was created)
  ✓  135 [admin] › tests/e2e/features/admin/admin-auth.spec.ts:13:3 › Authentication (admin) › allows signing into the admin dashboard @auth @smoke (328ms)
  ✓  137 [admin] › tests/e2e/features/admin/admin-auth.spec.ts:25:3 › Authentication (admin) › displays an error message when signing in with empty password @auth (176ms)
  ✓  136 [admin] › tests/e2e/features/admin/admin-auth.spec.ts:19:3 › Authentication (admin) › displays an error message when signing in with empty credentials @auth (191ms)
  ✓  139 [admin] › tests/e2e/features/admin/admin-auth.spec.ts:38:3 › Authentication (admin) › displays signed in user after signing in @auth (284ms)
  ✓  138 [admin] › tests/e2e/features/admin/admin-auth.spec.ts:31:3 › Authentication (admin) › allows signing out after signing in @auth (370ms)
  ✓  141 [admin] › tests/e2e/features/admin/admin-auth.spec.ts:56:5 › Authentication (admin) › Notifications (admin) (unauthenticated entry) › lands on the sign in page when opening a page further in the journey @auth (138ms)
  ✓  140 [admin] › tests/e2e/features/admin/admin-auth.spec.ts:43:3 › Authentication (admin) › lands on the sign in page when reopening the admin dashboard after sign out @auth (344ms)
  ✓  142 [admin] › tests/e2e/features/admin/admin-auth.spec.ts:61:5 › Authentication (admin) › Notifications (admin) (unauthenticated entry) › allows signing into a page further in the journey @auth (484ms)
  ✓  132 [e2e] › tests/e2e/pages/transporter.spec.ts:18:3 › Transporter page › accepts a valid transporter type @integration @duplicated-in-frontend (7.0s)
(node:39109) Warning: The 'NO_COLOR' env is ignored due to the 'FORCE_COLOR' env being set.
(Use `node --trace-warnings ...` to show where the warning was created)
  ✓  145 [admin] › tests/e2e/features/admin/admin-outbox-events.spec.ts:43:3 › Outbox events (admin) › shows the empty state for an unknown reference number @integration @mongodb (419ms)
  ✓  146 [admin] › tests/e2e/features/admin/dlq-events.spec.ts:66:3 › DLQ operator actions › replays all DLQ messages via the admin UI @compose (2.6s)
  ✓  133 [e2e] › tests/e2e/visual/origin-of-import.visual.spec.ts:11:3 › Origin of import (visual regression) › shows expected page appearance on first load @visual (10.8s)
(node:39122) Warning: The 'NO_COLOR' env is ignored due to the 'FORCE_COLOR' env being set.
(Use `node --trace-warnings ...` to show where the warning was created)
  ✓  147 [admin] › tests/e2e/features/admin/dlq-events.spec.ts:79:3 › DLQ operator actions › deletes all DLQ messages via the admin UI @compose (2.5s)
  ✓  149 [admin] › tests/e2e/features/admin/outbox-event-notification.spec.ts:30:3 › Notification outbox event › does not write an outbox event before submission @integration @mongodb (11.1s)
  ✓  144 [admin] › tests/e2e/features/admin/admin-outbox-events.spec.ts:12:3 › Outbox events (admin) › shows the outbox event for a submitted notification @integration @mongodb @smoke (19.0s)
  ✓  143 [admin] › tests/e2e/features/admin/admin-notifications.spec.ts:11:3 › Notifications (admin) › finds and deletes a submitted notification by reference number @integration @mongodb @smoke (21.8s)
  ✓  152 [admin] › tests/e2e/features/admin/admin-notifications.spec.ts:36:3 › Notifications (admin) › cancelling checkbox deletion keeps the notification visible @integration @mongodb (472ms)
  ✓  151 [admin] › tests/e2e/features/admin/outbox-event-replay.spec.ts:10:3 › Outbox event replay › replays outbox events and shows success banner @compose @integration (3.1s)
  ✓  148 [admin] › tests/e2e/features/admin/outbox-event-amendment.spec.ts:28:3 › Notification amendment outbox event › records the authenticated actor and cumulative status changes on amendment @integration @mongodb (16.4s)
  ✓  154 [admin] › tests/e2e/features/admin/outbox-event-replay.spec.ts:28:3 › Outbox event replay › writes a REPLAY_EVENTS audit record covering both outbox events @compose @integration @mongodb (3.1s)
  ✓  156 [admin] › tests/e2e/pages/admin/admin-dashboard.spec.ts:8:3 › Admin service › lands on the admin dashboard @smoke (305ms)
  ✓  157 [admin] › tests/e2e/pages/admin/admin-dashboard.spec.ts:13:3 › Admin service › allows navigating to notifications area (344ms)
  ✓  153 [admin] › tests/e2e/features/admin/admin-notifications.spec.ts:48:3 › Notifications (admin) › deletes a notification by checkbox @integration @mongodb (4.4s)
  -  158 [admin] › tests/e2e/features/admin/admin-notifications.spec.ts:90:8 › Notifications (admin) › deletes all current-page notifications by select all @integration @mongodb @compose
  ✓  159 [admin] › tests/e2e/features/admin/admin-notifications.spec.ts:139:3 › Notifications (admin) › does not allow deleting a notification by invalid reference number @integration @mongodb (896ms)
  ✓  150 [admin] › tests/e2e/features/admin/outbox-event-notification.spec.ts:45:3 › Notification outbox event › records a NotificationSubmitted outbox event on UI submission @integration @mongodb (9.7s)
  ✓  155 [admin] › tests/e2e/features/admin/outbox-event-withdrawal.spec.ts:10:3 › Notification withdrawal outbox event › does not write a withdrawn event when a draft is deleted @integration @mongodb (11.1s)


  1) [e2e] › tests/e2e/pages/notification-dashboard.spec.ts:46:5 › Import notification service dashboard › dashboard basics › displays details on a notification card @integration 

    TimeoutError: locator.waitFor: Timeout 5000ms exceeded.
    Call log:
      - waiting for getByRole('heading', { name: 'Import notification service', level: 1 }) to be visible


       at ../page-objects/notification/notification-dashboard-page.ts:223

      221 |         await this.navigateToFrontend(SET_BASES.liveAnimals);
      222 |         await this.signInWhenRequested(true);
    > 223 |         await this.heading.waitFor({ state: 'visible', timeout: 5000 });
          |                            ^
      224 |         await this.waitForNotificationList();
      225 |       }
      226 |     }
        at NotificationDashboardPage.open (/Users/samfarrington/git/defra/trade-imports-animals/repos/trade-imports-animals-tests/page-objects/notification/notification-dashboard-page.ts:223:28)
        at Journey.toNotificationDashboard (/Users/samfarrington/git/defra/trade-imports-animals/repos/trade-imports-animals-tests/flows/journey.ts:24:5)
        at Journey.startNotification (/Users/samfarrington/git/defra/trade-imports-animals/repos/trade-imports-animals-tests/flows/journey.ts:29:5)
        at Journey.toDeclaration (/Users/samfarrington/git/defra/trade-imports-animals/repos/trade-imports-animals-tests/flows/journey.ts:295:5)
        at Journey.submitNotification (/Users/samfarrington/git/defra/trade-imports-animals/repos/trade-imports-animals-tests/flows/journey.ts:304:5)
        at /Users/samfarrington/git/defra/trade-imports-animals/repos/trade-imports-animals-tests/tests/e2e/pages/notification-dashboard.spec.ts:48:7

    attachment #1: screenshot (image/png) ──────────────────────────────────────────────────────────
    test-results/e2e/pages-notification-dashboa-789dc-ails-on-a-notification-card-e2e/test-failed-1.png
    ────────────────────────────────────────────────────────────────────────────────────────────────

    Error Context: test-results/e2e/pages-notification-dashboa-789dc-ails-on-a-notification-card-e2e/error-context.md

  2) [e2e] › tests/e2e/pages/notification-view-states.spec.ts:11:5 › Notification view states › DRAFT › renders the recorded answers in the numbered design sections @integration @duplicated-in-frontend 

    Test timeout of 30000ms exceeded while running "beforeEach" hook.

      4 | test.describe('Notification view states', { tag: ['@integration', '@duplicated-in-frontend'] }, () => {
      5 |   test.describe('DRAFT', () => {
    > 6 |     test.beforeEach(async ({ apiJourney, notificationActions, journeyContext }) => {
        |          ^
      7 |       await apiJourney.createFullNotification();
      8 |       await notificationActions.toNotificationView(journeyContext.journeyId);
      9 |     });
        at /Users/samfarrington/git/defra/trade-imports-animals/repos/trade-imports-animals-tests/tests/e2e/pages/notification-view-states.spec.ts:6:10

    Error: locator.waitFor: Test timeout of 30000ms exceeded.
    Call log:
      - waiting for getByRole('heading', { name: 'Check your answers', level: 1 }) to be visible


       at ../page-objects/notification/notification-view-page.ts:47

      45 |   async open(journeyId: string, attemptSignIn: boolean = true): Promise<void> {
      46 |     await super.open(journeyId, attemptSignIn);
    > 47 |     if (attemptSignIn) await this.heading.waitFor();
         |                                           ^
      48 |   }
      49 | }
      50 |
        at NotificationViewPage.open (/Users/samfarrington/git/defra/trade-imports-animals/repos/trade-imports-animals-tests/page-objects/notification/notification-view-page.ts:47:43)
        at NotificationActions.toNotificationView (/Users/samfarrington/git/defra/trade-imports-animals/repos/trade-imports-animals-tests/flows/notification-actions.ts:7:5)
        at /Users/samfarrington/git/defra/trade-imports-animals/repos/trade-imports-animals-tests/tests/e2e/pages/notification-view-states.spec.ts:8:7

    attachment #1: screenshot (image/png) ──────────────────────────────────────────────────────────
    test-results/e2e/pages-notification-view-st-963cd-he-numbered-design-sections-e2e/test-failed-1.png
    ────────────────────────────────────────────────────────────────────────────────────────────────

    Error Context: test-results/e2e/pages-notification-view-st-963cd-he-numbered-design-sections-e2e/error-context.md

  3) [e2e] › tests/e2e/pages/notification-view-states.spec.ts:21:5 › Notification view states › DRAFT › shows the Draft strip with the notification reference @integration @duplicated-in-frontend 

    Test timeout of 30000ms exceeded while running "beforeEach" hook.

      4 | test.describe('Notification view states', { tag: ['@integration', '@duplicated-in-frontend'] }, () => {
      5 |   test.describe('DRAFT', () => {
    > 6 |     test.beforeEach(async ({ apiJourney, notificationActions, journeyContext }) => {
        |          ^
      7 |       await apiJourney.createFullNotification();
      8 |       await notificationActions.toNotificationView(journeyContext.journeyId);
      9 |     });
        at /Users/samfarrington/git/defra/trade-imports-animals/repos/trade-imports-animals-tests/tests/e2e/pages/notification-view-states.spec.ts:6:10

    Error: locator.waitFor: Test timeout of 30000ms exceeded.
    Call log:
      - waiting for getByRole('heading', { name: 'Check your answers', level: 1 }) to be visible


       at ../page-objects/notification/notification-view-page.ts:47

      45 |   async open(journeyId: string, attemptSignIn: boolean = true): Promise<void> {
      46 |     await super.open(journeyId, attemptSignIn);
    > 47 |     if (attemptSignIn) await this.heading.waitFor();
         |                                           ^
      48 |   }
      49 | }
      50 |
        at NotificationViewPage.open (/Users/samfarrington/git/defra/trade-imports-animals/repos/trade-imports-animals-tests/page-objects/notification/notification-view-page.ts:47:43)
        at NotificationActions.toNotificationView (/Users/samfarrington/git/defra/trade-imports-animals/repos/trade-imports-animals-tests/flows/notification-actions.ts:7:5)
        at /Users/samfarrington/git/defra/trade-imports-animals/repos/trade-imports-animals-tests/tests/e2e/pages/notification-view-states.spec.ts:8:7

    attachment #1: screenshot (image/png) ──────────────────────────────────────────────────────────
    test-results/e2e/pages-notification-view-st-3554f--the-notification-reference-e2e/test-failed-1.png
    ────────────────────────────────────────────────────────────────────────────────────────────────

    Error Context: test-results/e2e/pages-notification-view-st-3554f--the-notification-reference-e2e/error-context.md

  3 flaky
    [e2e] › tests/e2e/pages/notification-dashboard.spec.ts:46:5 › Import notification service dashboard › dashboard basics › displays details on a notification card @integration 
    [e2e] › tests/e2e/pages/notification-view-states.spec.ts:11:5 › Notification view states › DRAFT › renders the recorded answers in the numbered design sections @integration @duplicated-in-frontend 
    [e2e] › tests/e2e/pages/notification-view-states.spec.ts:21:5 › Notification view states › DRAFT › shows the Draft strip with the notification reference @integration @duplicated-in-frontend 
  1 skipped
  152 passed (4.7m)
