
> trade-imports-animals-tests@0.0.0 test:local
> npm run test:integration


> trade-imports-animals-tests@0.0.0 test:integration
> npm run _reset_and_clean_and_test_integration -- --grep '@integration'


> trade-imports-animals-tests@0.0.0 _reset_and_clean_and_test_integration
> npm run database:reseed && npm run _clean && npm run _test_integration -- --grep @integration


> trade-imports-animals-tests@0.0.0 database:reseed
> ./bin/database-reseed.sh

Workspace stack detected — delegating to scripts/stack/bounce-mongo.sh
Bouncing mongo (wipes volume, re-runs init scripts)...
 Container trade-imports-animals-mongodb-1 Recreate 
 Container trade-imports-animals-mongodb-1 Recreated 
 Container trade-imports-animals-mongodb-1 Starting 
 Container trade-imports-animals-mongodb-1 Started 
 Container trade-imports-animals-mongodb-1 Waiting 
 Container trade-imports-animals-mongodb-1 Healthy 

> trade-imports-animals-tests@0.0.0 _clean
> rm -rf test-results playwright-report allure-results allure-report FAILED


> trade-imports-animals-tests@0.0.0 _test_integration
> playwright test --config=playwright.integration.config.ts --grep @integration


Running 129 tests using 8 workers

(node:40585) Warning: The 'NO_COLOR' env is ignored due to the 'FORCE_COLOR' env being set.
(Use `node --trace-warnings ...` to show where the warning was created)
(node:40587) Warning: The 'NO_COLOR' env is ignored due to the 'FORCE_COLOR' env being set.
(Use `node --trace-warnings ...` to show where the warning was created)
(node:40588) Warning: The 'NO_COLOR' env is ignored due to the 'FORCE_COLOR' env being set.
(Use `node --trace-warnings ...` to show where the warning was created)
(node:40591) Warning: The 'NO_COLOR' env is ignored due to the 'FORCE_COLOR' env being set.
(Use `node --trace-warnings ...` to show where the warning was created)
(node:40590) Warning: The 'NO_COLOR' env is ignored due to the 'FORCE_COLOR' env being set.
(Use `node --trace-warnings ...` to show where the warning was created)
(node:40589) Warning: The 'NO_COLOR' env is ignored due to the 'FORCE_COLOR' env being set.
(Use `node --trace-warnings ...` to show where the warning was created)
(node:40584) Warning: The 'NO_COLOR' env is ignored due to the 'FORCE_COLOR' env being set.
(Use `node --trace-warnings ...` to show where the warning was created)
(node:40586) Warning: The 'NO_COLOR' env is ignored due to the 'FORCE_COLOR' env being set.
(Use `node --trace-warnings ...` to show where the warning was created)
  ✓    4 [frontend-chromium] › tests/e2e/features/animal-identifiers-conditional.spec.ts:59:3 › Animal identifiers — conditional identifier surface › a commodity with no typed identifier shows only the free-text fallbacks, and one satisfies the group @integration @duplicated-in-frontend (10.3s)
  ✓    3 [frontend-chromium] › tests/e2e/features/animal-identifiers-conditional.spec.ts:4:3 › Animal identifiers — conditional identifier surface › a unit form shows only the identifier types the commodity requires, plus the permanent address for cats and dogs @integration @duplicated-in-frontend (10.6s)
  ✓   10 [frontend-chromium] › tests/e2e/features/auth.spec.ts:18:3 › Authentication › lands on the sign in page when opening the notification dashboard @auth @integration (231ms)
  ✓    9 [frontend-chromium] › tests/e2e/features/auth.spec.ts:4:1 › signing in without a stored redirect lands on the default set @auth @integration (906ms)
  ✓   12 [frontend-chromium] › tests/e2e/features/auth.spec.ts:29:3 › Authentication › displays an error message when signing in with invalid user id @auth @integration (189ms)
  ✓   13 [frontend-chromium] › tests/e2e/features/auth.spec.ts:35:3 › Authentication › displays an error message when signing in with invalid password @auth @integration (251ms)
  ✓   11 [frontend-chromium] › tests/e2e/features/auth.spec.ts:23:3 › Authentication › allows signing into the notification dashboard @auth @integration @smoke (828ms)
  ✓    7 [frontend-chromium] › tests/e2e/features/addresses-add-new.spec.ts:4:3 › Add a new address › adding a new address from the consignor spoke copies it into the consignor and the spoke then offers it @integration @duplicated-in-frontend (11.7s)
  ✓    5 [frontend-chromium] › tests/e2e/features/addresses-picker.spec.ts:4:3 › Addresses picker › the picker searches and pages the address book, and the row selected on a later page is the one that saves @integration @duplicated-in-frontend (12.2s)
  ✓   15 [frontend-chromium] › tests/e2e/features/auth.spec.ts:48:3 › Authentication › displays signed in user after signing in @auth @integration (953ms)
  ✓   14 [frontend-chromium] › tests/e2e/features/auth.spec.ts:41:3 › Authentication › allows signing out after signing in @auth @integration (1.2s)
  ✓   16 [frontend-chromium] › tests/e2e/features/auth.spec.ts:53:3 › Authentication › lands on the sign in page when reopening the notification dashboard after sign out @auth @integration (1.1s)
  ✓    6 [frontend-chromium] › tests/e2e/features/animal-identifiers-cap.spec.ts:4:3 › Animal identifiers cap › the N-of-M counter caps records at the declared count, remove frees a slot, and a count drop is blocked with an error naming the species @integration @duplicated-in-frontend (13.8s)
  ✓   17 [frontend-chromium] › tests/e2e/features/auth.spec.ts:80:5 › Authentication › Origin of the import (unauthenticated entry) › lands on the sign in page when opening a page further in the journey @auth @integration (1.6s)
  ✓   19 [frontend-chromium] › tests/e2e/features/cancel-amend-ui.spec.ts:17:5 › Cancel amendment through the UI › from an amending notification › shows the Cancel amendment link while the notification is amending @integration (2.0s)
  ✓   18 [frontend-chromium] › tests/e2e/features/auth.spec.ts:85:5 › Authentication › Origin of the import (unauthenticated entry) › allows signing into a page further in the journey @auth @integration (2.4s)
  ✓   20 [frontend-chromium] › tests/e2e/features/cancel-amend-ui.spec.ts:22:5 › Cancel amendment through the UI › from an amending notification › opens the confirmation page when Cancel amendment is selected @integration (2.3s)
  ✓   21 [frontend-chromium] › tests/e2e/features/cancel-amend-ui.spec.ts:36:5 › Cancel amendment through the UI › from an amending notification › No returns to the notification view with the amendment still in progress @integration (1.8s)
  ✓   22 [frontend-chromium] › tests/e2e/features/cancel-amend-ui.spec.ts:47:3 › Cancel amendment through the UI › Yes cancels the amendment and restores the submitted answers @integration @smoke (2.8s)
  ✓    8 [frontend-chromium] › tests/e2e/features/all-operators.spec.ts:7:3 › All operator addresses › check your answers lists all six operators with the picked name and country @integration @duplicated-in-frontend (18.2s)
  ✓   25 [frontend-chromium] › tests/e2e/features/country-of-origin-select.spec.ts:4:3 › Country of origin plain select › renders all options, submits the country code and persists it @integration @duplicated-in-frontend (7.3s)
  ✓   24 [frontend-chromium] › tests/e2e/features/commercial-transporter-scope.spec.ts:6:3 › Commercial transporter scope › commercial transporter is owed only for the commercial type and is wiped when the type changes @integration @duplicated-in-frontend (13.9s)
  ✘    1 [frontend-chromium] › tests/e2e/features/additional-details-scope.spec.ts:4:3 › Additional details scope › the unweaned-animals question shows only when a triggering commodity line exists @integration @duplicated-in-frontend (30.0s)
(node:40759) Warning: The 'NO_COLOR' env is ignored due to the 'FORCE_COLOR' env being set.
(Use `node --trace-warnings ...` to show where the warning was created)
  ✓   23 [frontend-chromium] › tests/e2e/features/change-from-cya.spec.ts:5:3 › Change from check your answers › a Change link opens the answering page with change context and the save returns to check your answers with the new value @integration @duplicated-in-frontend (15.4s)
  ✓   29 [frontend-chromium] › tests/e2e/features/documents-refresh-no-js.spec.ts:10:3 › Documents scan refresh without JavaScript › the refresh fallback reflects scan progress without client JavaScript @integration @duplicated-in-frontend (11.0s)
  ✓   28 [frontend-chromium] › tests/e2e/features/documents-limits.spec.ts:49:3 › Documents limits › accepts a 10 MB PDF and rejects the same real file at one byte over @integration @duplicated-in-frontend (15.6s)
  ✓   34 [frontend-chromium] › tests/e2e/features/headers.spec.ts:4:1 › promoted frontend sends a Content-Security-Policy header @integration (495ms)
  ✓   30 [frontend-chromium] › tests/e2e/features/documents-reject.spec.ts:8:3 › Documents reject flows › refuses an oversize file pick without adding a document @integration @duplicated-in-frontend (6.6s)
  ✓    2 [frontend-chromium] › tests/e2e/features/amend-resubmit.spec.ts:14:3 › Amend resubmission › resubmits an amended notification: Submitted → Amending → Submitted with the edited answer kept @integration (37.0s)
  ✓   35 [frontend-chromium] › tests/e2e/features/hub-groups-and-cya-rows.spec.ts:5:3 › Hub groups and check-your-answers rows › the hub groups its tasks under the six numbered group headings @integration @duplicated-in-frontend (5.6s)
  ✓   32 [frontend-chromium] › tests/e2e/features/documents-scan-lifecycle.spec.ts:14:3 › Documents scan lifecycle › virus-named upload: accepted with Checking, then Virus found with error summary and no view link @integration @duplicated-in-frontend (10.1s)
  ✓   37 [frontend-chromium] › tests/e2e/features/import-type-routing.spec.ts:4:3 › Import type routing › a blank answer blocks Continue, a non-live-animals answer routes to the holding page, live animals opens the run @integration @duplicated-in-frontend (5.9s)
  ✓   33 [frontend-chromium] › tests/e2e/features/documents-scan-lifecycle.spec.ts:36:3 › Documents scan lifecycle › clean upload: shows Checking with no view link, then Safe with a view link @integration @duplicated-in-frontend (10.0s)
  ✓   26 [frontend-chromium] › tests/e2e/features/cph-scope.spec.ts:4:3 › CPH scope › the CPH page and addresses-hub row show only when a CPH-triggering commodity line exists @integration @duplicated-in-frontend (29.6s)
  ✓   36 [frontend-chromium] › tests/e2e/features/hub-groups-and-cya-rows.spec.ts:37:3 › Hub groups and check-your-answers rows › after completing every section the check-your-answers page renders the answered rows @integration @duplicated-in-frontend (10.0s)
  ✓   38 [frontend-chromium] › tests/e2e/features/notification-delete.spec.ts:10:3 › Notification delete › deletes a draft notification @integration @duplicated-in-frontend (6.0s)
  ✓   44 [frontend-chromium] › tests/e2e/features/promoted-lifecycle.spec.ts:6:3 › Promoted notification lifecycle › creates, submits, amends, cancels, copies idempotently and soft-deletes through /fulfilments @compose @integration (109ms)
  ✓   39 [frontend-chromium] › tests/e2e/features/notification-delete.spec.ts:20:3 › Notification delete › deletes the notification and removes it from the dashboard @integration @duplicated-in-frontend @smoke (5.8s)
  ✓   43 [frontend-chromium] › tests/e2e/features/promoted-documents.spec.ts:39:3 › Promoted accompanying documents integration › rejects an unsupported file type without adding a document @compose @integration (7.3s)
  ✓   41 [frontend-chromium] › tests/e2e/features/private-transporter-scope.spec.ts:17:3 › Private transporter scope › keyed-in details are owed only for the private type; a partial fill blocks the save; changing the type wipes them @integration @duplicated-in-frontend (11.3s)
  ✓   40 [frontend-chromium] › tests/e2e/features/port-of-entry-select.spec.ts:7:3 › Port of entry plain select › renders name-and-code options, submits the code and persists it @integration @duplicated-in-frontend (11.9s)
  ✓   46 [frontend-chromium] › tests/e2e/features/reason-purpose-scope.spec.ts:4:3 › Reason and purpose scope › purpose is owed only for the internal market and is wiped when the reason changes @integration @duplicated-in-frontend (9.6s)
  ✓   42 [frontend-chromium] › tests/e2e/features/promoted-documents.spec.ts:7:3 › Promoted accompanying documents integration › uploads, scans, downloads and removes a document through the real uploader @compose @integration (13.8s)
  ✓   31 [frontend-chromium] › tests/e2e/features/additional-details-scope.spec.ts:4:3 › Additional details scope › the unweaned-animals question shows only when a triggering commodity line exists @integration @duplicated-in-frontend (retry #1) (29.0s)
Auth retry triggered — initial sign-in did not land on dashboard within 5s
Auth retry triggered — initial sign-in did not land on dashboard within 5s
  ✓   45 [frontend-chromium] › tests/e2e/features/promoted-lifecycle.spec.ts:33:3 › Promoted notification lifecycle › renders a submitted notification read-only and re-enters an amendment at Overview @compose @integration (22.2s)
  ✓   27 [frontend-chromium] › tests/e2e/features/documents-limits.spec.ts:21:3 › Documents limits › accepts a tenth document and rejects an eleventh with the maximum-documents error @integration @duplicated-in-frontend (52.1s)
  ✓   51 [frontend-chromium] › tests/e2e/journeys/persistence/persistence-notification.spec.ts:14:3 › Notification persistence round-trip › draft notification persists as DRAFT up to declaration @integration @mongodb (11.2s)
  ✓   50 [frontend-chromium] › tests/e2e/journeys/persistence/persistence-accompanying-document.spec.ts:18:3 › Accompanying document persistence round-trip › uploads a document that persists to Mongo and reloads @integration @mongodb (15.5s)
  ✓   48 [frontend-chromium] › tests/e2e/features/task-page-exits.spec.ts:4:3 › Task-page exits › Cancel and return to hub discards typed input; Save and return to hub commits and lands on the hub @integration @duplicated-in-frontend (16.9s)
  ✓   49 [frontend-chromium] › tests/e2e/features/transit-means-scope.spec.ts:4:3 › Transit countries scope › the transit-countries page is routed only for rail or road; changing the means wipes saved countries @integration @duplicated-in-frontend (18.7s)
  ✓   52 [frontend-chromium] › tests/e2e/journeys/persistence/persistence-notification.spec.ts:32:3 › Notification persistence round-trip › submitted notification persists the journey answers and reloads read-only @integration @mongodb (16.5s)
  ✓   54 [frontend-chromium] › tests/e2e/pages/additional-details.spec.ts:8:3 › Additional details page › renders the page controls @integration @duplicated-in-frontend (8.4s)
  ✓   55 [frontend-chromium] › tests/e2e/pages/additional-details.spec.ts:15:3 › Additional details page › leaves the additional details unchecked on load @integration @duplicated-in-frontend (7.4s)
  ✓   57 [frontend-chromium] › tests/e2e/pages/animal-identification.spec.ts:8:3 › Animal identification page › renders the page controls @integration @duplicated-in-frontend (7.5s)
  ✓   47 [frontend-chromium] › tests/e2e/features/reference-strip.spec.ts:6:3 › Reference strip › the Draft tag and GBN-AG reference show on the hub and task pages, and are absent on pre-origin surfaces @integration @duplicated-in-frontend (27.0s)
  ✓   56 [frontend-chromium] › tests/e2e/pages/additional-details.spec.ts:20:3 › Additional details page › accepts valid additional details @integration @duplicated-in-frontend (8.6s)
  ✓   58 [frontend-chromium] › tests/e2e/pages/animal-identification.spec.ts:16:3 › Animal identification page › leaves the ear tag empty on load @integration @duplicated-in-frontend (6.7s)
  ✓   53 [frontend-chromium] › tests/e2e/journeys/promoted-notification.spec.ts:4:1 › submits a promoted live-animals notification through the hub-owned spine @compose @integration (13.8s)
  ✓   59 [frontend-chromium] › tests/e2e/pages/animal-identification.spec.ts:20:3 › Animal identification page › accepts a valid ear tag @integration @duplicated-in-frontend (7.0s)
  ✓   60 [frontend-chromium] › tests/e2e/pages/arrival-details.spec.ts:8:3 › Arrival details page › renders the page controls @integration @duplicated-in-frontend (7.0s)
  ✓   61 [frontend-chromium] › tests/e2e/pages/arrival-details.spec.ts:17:3 › Arrival details page › leaves the arrival details unanswered on load @integration @duplicated-in-frontend (7.1s)
  ✓   62 [frontend-chromium] › tests/e2e/pages/arrival-details.spec.ts:22:3 › Arrival details page › accepts valid arrival details @integration @duplicated-in-frontend (7.0s)
  ✓   64 [frontend-chromium] › tests/e2e/pages/commodities.spec.ts:16:3 › Commodity selection page › renders the full grouped checklist @integration @duplicated-in-frontend (6.6s)
  ✓   65 [frontend-chromium] › tests/e2e/pages/commodities.spec.ts:29:3 › Commodity selection page › accepts and persists multiple commodity-species pairs @integration @duplicated-in-frontend (7.0s)
  ✓   63 [frontend-chromium] › tests/e2e/pages/arrival-details.spec.ts:29:3 › Arrival details page › shows an error summary when submitted empty @integration @duplicated-in-frontend (7.4s)
  ✓   66 [frontend-chromium] › tests/e2e/pages/commodities.spec.ts:39:3 › Commodity selection page › shows an error summary when submitted empty @integration @duplicated-in-frontend (6.3s)
  ✓   67 [frontend-chromium] › tests/e2e/pages/consignment-details.spec.ts:8:3 › Consignment details page › renders the page controls @integration @duplicated-in-frontend (6.1s)
  ✓   68 [frontend-chromium] › tests/e2e/pages/consignment-details.spec.ts:15:3 › Consignment details page › leaves the number of animals empty on load @integration @duplicated-in-frontend (6.2s)
  ✓   69 [frontend-chromium] › tests/e2e/pages/consignment-details.spec.ts:19:3 › Consignment details page › accepts valid consignment details @integration @duplicated-in-frontend (6.3s)
  ✓   70 [frontend-chromium] › tests/e2e/pages/contact-address.spec.ts:8:3 › Contact address page › renders the page controls @integration @duplicated-in-frontend (6.8s)
  ✓   71 [frontend-chromium] › tests/e2e/pages/contact-address.spec.ts:14:3 › Contact address page › leaves the contact address unchecked on load @integration @duplicated-in-frontend (6.9s)
  ✓   72 [frontend-chromium] › tests/e2e/pages/contact-address.spec.ts:18:3 › Contact address page › accepts a valid contact address @integration @duplicated-in-frontend (7.3s)
  ✓   73 [frontend-chromium] › tests/e2e/pages/contact-address.spec.ts:25:3 › Contact address page › saving with no contact address selected is allowed and exits to the hub @integration @duplicated-in-frontend (7.4s)
  ✓   74 [frontend-chromium] › tests/e2e/pages/contact-address.spec.ts:32:3 › Contact address page › adding a new contact address saves it and offers it selected @integration @duplicated-in-frontend (7.3s)
  ✓   75 [frontend-chromium] › tests/e2e/pages/cph-number.spec.ts:8:3 › CPH number page › renders the page controls @integration @duplicated-in-frontend (8.8s)
  ✓   76 [frontend-chromium] › tests/e2e/pages/cph-number.spec.ts:14:3 › CPH number page › leaves the CPH number empty on load @integration @duplicated-in-frontend (8.7s)
  ✓   77 [frontend-chromium] › tests/e2e/pages/cph-number.spec.ts:18:3 › CPH number page › accepts a valid CPH number @integration @duplicated-in-frontend (8.5s)
  ✓   78 [frontend-chromium] › tests/e2e/pages/cph-number.spec.ts:25:3 › CPH number page › shows an error summary when submitted empty @integration @duplicated-in-frontend (9.5s)
  ✓   81 [frontend-chromium] › tests/e2e/pages/import-purpose.spec.ts:8:3 › Import purpose page › renders the page controls @integration @duplicated-in-frontend (7.8s)
  ✓   82 [frontend-chromium] › tests/e2e/pages/import-purpose.spec.ts:14:3 › Import purpose page › leaves the import purpose unchecked on load @integration @duplicated-in-frontend (7.7s)
  ✓   83 [frontend-chromium] › tests/e2e/pages/import-purpose.spec.ts:18:3 › Import purpose page › accepts a valid import purpose @integration @duplicated-in-frontend (8.2s)
  ✓   84 [frontend-chromium] › tests/e2e/pages/import-reason.spec.ts:8:3 › Import reason page › renders the page controls @integration @duplicated-in-frontend (7.5s)
  ✓   89 [frontend-chromium] › tests/e2e/pages/notification-dashboard.spec.ts:24:5 › Import notification service dashboard › dashboard basics › lands on the notification dashboard @integration @smoke (849ms)
  ✓   85 [frontend-chromium] › tests/e2e/pages/import-reason.spec.ts:14:3 › Import reason page › leaves the import reason unchecked on load @integration @duplicated-in-frontend (7.9s)
  ✓   90 [frontend-chromium] › tests/e2e/pages/notification-dashboard.spec.ts:30:5 › Import notification service dashboard › dashboard basics › allows creating a new notification @integration (1.1s)
  ✓   91 [frontend-chromium] › tests/e2e/pages/notification-dashboard.spec.ts:36:5 › Import notification service dashboard › dashboard basics › displays the notification list and result count @integration (1.1s)
  ✓   79 [frontend-chromium] › tests/e2e/pages/declaration.spec.ts:8:3 › Declaration page › renders the page controls @integration @duplicated-in-frontend (15.1s)
  ✓   93 [frontend-chromium] › tests/e2e/pages/notification-dashboard.spec.ts:63:5 › Import notification service dashboard › notification card actions by status › shows resume, copy and delete actions for a draft notification @integration (1.2s)
  ✓   94 [frontend-chromium] › tests/e2e/pages/notification-dashboard.spec.ts:76:5 › Import notification service dashboard › notification card actions by status › shows view, copy and amend actions for a submitted notification @integration (1.0s)
  ✓   96 [frontend-chromium] › tests/e2e/pages/notification-view-states.spec.ts:11:5 › Notification view states › DRAFT › renders the recorded answers in the numbered design sections @integration @duplicated-in-frontend (895ms)
  ✓   80 [frontend-chromium] › tests/e2e/pages/declaration.spec.ts:14:3 › Declaration page › shows an error summary when submitted unconfirmed @integration @duplicated-in-frontend (15.9s)
  ✓   98 [frontend-chromium] › tests/e2e/pages/notification-view-states.spec.ts:26:5 › Notification view states › DRAFT › shows Change links for the recorded answers @integration @duplicated-in-frontend (784ms)
  ✓   97 [frontend-chromium] › tests/e2e/pages/notification-view-states.spec.ts:21:5 › Notification view states › DRAFT › shows the Draft strip with the notification reference @integration @duplicated-in-frontend (1.4s)
  ✓   86 [frontend-chromium] › tests/e2e/pages/import-reason.spec.ts:18:3 › Import reason page › accepts a valid import reason @integration @duplicated-in-frontend (8.3s)
  ✓  101 [frontend-chromium] › tests/e2e/pages/notification-view-states.spec.ts:54:5 › Notification view states › SUBMITTED › lands on the view page with the Submitted strip and reference @integration @duplicated-in-frontend (720ms)
  ✓   99 [frontend-chromium] › tests/e2e/pages/notification-view-states.spec.ts:31:5 › Notification view states › DRAFT › offers submission and none of the post-submit actions @integration @duplicated-in-frontend (758ms)
  ✓  102 [frontend-chromium] › tests/e2e/pages/notification-view-states.spec.ts:60:5 › Notification view states › SUBMITTED › offers Copy as new and Delete on the read-only view @integration @duplicated-in-frontend (641ms)
  ✓  100 [frontend-chromium] › tests/e2e/pages/notification-view-states.spec.ts:39:5 › Notification view states › DRAFT › Continue moves on to the declaration @integration @duplicated-in-frontend (883ms)
  ✓   87 [frontend-chromium] › tests/e2e/pages/notification-dashboard-pagination.spec.ts:5:3 › Dashboard pagination › uses GOV.UK pagination and reports the result range @integration (9.3s)
  ✓  104 [frontend-chromium] › tests/e2e/pages/notification-view-states.spec.ts:78:5 › Notification view states › SUBMITTED › still renders the recorded answers after submission @integration @duplicated-in-frontend (635ms)
  ✓  103 [frontend-chromium] › tests/e2e/pages/notification-view-states.spec.ts:66:5 › Notification view states › SUBMITTED › copies the submitted notification to a new draft @integration @duplicated-in-frontend (761ms)
  ✓   88 [frontend-chromium] › tests/e2e/pages/notification-dashboard.spec.ts:5:3 › Import notification service dashboard › starts a journey at the promoted import-type filter and lists the draft @integration (11.7s)
  ✓  109 [frontend-chromium] › tests/e2e/pages/transited-countries.spec.ts:8:3 › Transited countries page › renders one 31-country checkbox group @integration @duplicated-in-frontend (7.2s)
  ✓  106 [frontend-chromium] › tests/e2e/pages/origin.spec.ts:15:3 › Origin of the import page › shows the country selector on load @integration @duplicated-in-frontend (11.2s)
  ✓  105 [frontend-chromium] › tests/e2e/pages/origin.spec.ts:8:3 › Origin of the import page › renders the page controls @integration @duplicated-in-frontend (11.4s)
  ✓  108 [frontend-chromium] › tests/e2e/pages/origin.spec.ts:27:3 › Origin of the import page › shows an error summary when submitted without a country @integration @duplicated-in-frontend (11.4s)
  ✓  107 [frontend-chromium] › tests/e2e/pages/origin.spec.ts:19:3 › Origin of the import page › accepts valid origin details @integration @duplicated-in-frontend (11.5s)
  ✓   92 [frontend-chromium] › tests/e2e/pages/notification-dashboard.spec.ts:46:5 › Import notification service dashboard › dashboard basics › displays details on a notification card @integration (17.7s)
  ✓   95 [frontend-chromium] › tests/e2e/pages/notification-dashboard.spec.ts:88:5 › Import notification service dashboard › notification card actions by status › copies a submitted notification from its searched dashboard card @integration @smoke (17.9s)
  ✓  110 [frontend-chromium] › tests/e2e/pages/transited-countries.spec.ts:20:3 › Transited countries page › accepts and persists multiple transited countries @integration @duplicated-in-frontend (12.1s)
  ✓  111 [frontend-chromium] › tests/e2e/pages/transited-countries.spec.ts:32:3 › Transited countries page › shows an error summary when submitted empty @integration @duplicated-in-frontend (8.0s)
(node:41120) Warning: The 'NO_COLOR' env is ignored due to the 'FORCE_COLOR' env being set.
(Use `node --trace-warnings ...` to show where the warning was created)
(node:41119) Warning: The 'NO_COLOR' env is ignored due to the 'FORCE_COLOR' env being set.
(Use `node --trace-warnings ...` to show where the warning was created)
  ✓  112 [frontend-chromium] › tests/e2e/pages/transporter-selection.spec.ts:8:3 › Transporter selection page › renders the page controls @integration @duplicated-in-frontend (7.7s)
  ✓  113 [frontend-chromium] › tests/e2e/pages/transporter-selection.spec.ts:14:3 › Transporter selection page › leaves the transporter unchecked on load @integration @duplicated-in-frontend (7.8s)
(node:41133) Warning: The 'NO_COLOR' env is ignored due to the 'FORCE_COLOR' env being set.
(Use `node --trace-warnings ...` to show where the warning was created)
(node:41134) Warning: The 'NO_COLOR' env is ignored due to the 'FORCE_COLOR' env being set.
(Use `node --trace-warnings ...` to show where the warning was created)
  ✓  115 [frontend-chromium] › tests/e2e/pages/transporter.spec.ts:8:3 › Transporter page › renders the page controls @integration @duplicated-in-frontend (7.6s)
(node:41146) Warning: The 'NO_COLOR' env is ignored due to the 'FORCE_COLOR' env being set.
(Use `node --trace-warnings ...` to show where the warning was created)
  ✓  120 [admin-chromium] › tests/e2e/features/admin/admin-outbox-events.spec.ts:43:3 › Outbox events (admin) › shows the empty state for an unknown reference number @integration @mongodb (475ms)
  ✓  114 [frontend-chromium] › tests/e2e/pages/transporter-selection.spec.ts:18:3 › Transporter selection page › accepts a valid transporter @integration @duplicated-in-frontend (7.9s)
(node:41149) Warning: The 'NO_COLOR' env is ignored due to the 'FORCE_COLOR' env being set.
(Use `node --trace-warnings ...` to show where the warning was created)
  ✓  116 [frontend-chromium] › tests/e2e/pages/transporter.spec.ts:14:3 › Transporter page › leaves the transporter type unchecked on load @integration @duplicated-in-frontend (7.7s)
(node:41164) Warning: The 'NO_COLOR' env is ignored due to the 'FORCE_COLOR' env being set.
(Use `node --trace-warnings ...` to show where the warning was created)
  ✓  117 [frontend-chromium] › tests/e2e/pages/transporter.spec.ts:18:3 › Transporter page › accepts a valid transporter type @integration @duplicated-in-frontend (7.4s)
(node:41172) Warning: The 'NO_COLOR' env is ignored due to the 'FORCE_COLOR' env being set.
(Use `node --trace-warnings ...` to show where the warning was created)
  ✓  124 [admin-chromium] › tests/e2e/features/admin/outbox-event-replay.spec.ts:10:3 › Outbox event replay › replays outbox events and shows success banner @compose @integration (3.2s)
  ✓  125 [admin-chromium] › tests/e2e/features/admin/outbox-event-replay.spec.ts:28:3 › Outbox event replay › writes a REPLAY_EVENTS audit record covering both outbox events @compose @integration @mongodb (3.1s)
  ✓  123 [admin-chromium] › tests/e2e/features/admin/outbox-event-notification.spec.ts:30:3 › Notification outbox event › does not write an outbox event before submission @integration @mongodb (13.1s)
  ✓  122 [admin-chromium] › tests/e2e/features/admin/outbox-event-notification.spec.ts:45:3 › Notification outbox event › records a NotificationSubmitted outbox event on UI submission @integration @mongodb (13.2s)
  ✓  126 [admin-chromium] › tests/e2e/features/admin/outbox-event-withdrawal.spec.ts:10:3 › Notification withdrawal outbox event › does not write a withdrawn event when a draft is deleted @integration @mongodb (11.5s)
  ✓  118 [admin-chromium] › tests/e2e/features/admin/admin-outbox-events.spec.ts:12:3 › Outbox events (admin) › shows the outbox event for a submitted notification @integration @mongodb @smoke (19.8s)
  ✓  121 [admin-chromium] › tests/e2e/features/admin/outbox-event-amendment.spec.ts:28:3 › Notification amendment outbox event › records the authenticated actor and cumulative status changes on amendment @integration @mongodb (18.7s)
  ✓  119 [admin-chromium] › tests/e2e/features/admin/admin-notifications.spec.ts:11:3 › Notifications (admin) › finds and deletes a submitted notification by reference number @integration @mongodb @smoke (22.1s)
  ✓  127 [admin-chromium] › tests/e2e/features/admin/admin-notifications.spec.ts:36:3 › Notifications (admin) › cancelling checkbox deletion keeps the notification visible @integration @mongodb (483ms)
  ✓  128 [admin-chromium] › tests/e2e/features/admin/admin-notifications.spec.ts:48:3 › Notifications (admin) › deletes a notification by checkbox @integration @mongodb (4.4s)
  -  129 [admin-chromium] › tests/e2e/features/admin/admin-notifications.spec.ts:90:8 › Notifications (admin) › deletes all current-page notifications by select all @integration @mongodb @compose
  ✓  130 [admin-chromium] › tests/e2e/features/admin/admin-notifications.spec.ts:139:3 › Notifications (admin) › does not allow deleting a notification by invalid reference number @integration @mongodb (926ms)


  1) [frontend-chromium] › tests/e2e/features/additional-details-scope.spec.ts:4:3 › Additional details scope › the unweaned-animals question shows only when a triggering commodity line exists @integration @duplicated-in-frontend 

    Test timeout of 30000ms exceeded.

    Error: locator.waitFor: Test timeout of 30000ms exceeded.
    Call log:
      - waiting for getByRole('textbox', { name: 'Government Gateway user ID' }) to be visible


       at ../page-objects/base/base-page.ts:51

      49 |     // the sign-in form is actually present.
      50 |     try {
    > 51 |       await signInPage.inputUserId.waitFor({
         |                                    ^
      52 |         state: 'visible',
      53 |         timeout: SIGN_IN_FORM_PROBE_MS,
      54 |       });
        at OverviewPage.signInWhenRequested (/Users/samfarrington/git/defra/trade-imports-animals/repos/trade-imports-animals-tests/page-objects/base/base-page.ts:51:36)
        at OverviewPage.open (/Users/samfarrington/git/defra/trade-imports-animals/repos/trade-imports-animals-tests/page-objects/base/base-page.ts:101:16)
        at openAdditionalDetails (/Users/samfarrington/git/defra/trade-imports-animals/repos/trade-imports-animals-tests/tests/e2e/features/additional-details-scope.spec.ts:30:7)
        at /Users/samfarrington/git/defra/trade-imports-animals/repos/trade-imports-animals-tests/tests/e2e/features/additional-details-scope.spec.ts:47:5

    attachment #1: screenshot (image/png) ──────────────────────────────────────────────────────────
    test-results/e2e-features-additional-de-fbadb-ering-commodity-line-exists-frontend-chromium/test-failed-1.png
    ────────────────────────────────────────────────────────────────────────────────────────────────

    Error Context: test-results/e2e-features-additional-de-fbadb-ering-commodity-line-exists-frontend-chromium/error-context.md

  1 flaky
    [frontend-chromium] › tests/e2e/features/additional-details-scope.spec.ts:4:3 › Additional details scope › the unweaned-animals question shows only when a triggering commodity line exists @integration @duplicated-in-frontend 
  1 skipped
  127 passed (2.6m)
